Archive member included to satisfy reference by file (symbol)

c:/progra~2/gnuarm~1/102020~1/bin/../lib/gcc/arm-none-eabi/10.2.1/../../../../arm-none-eabi/lib/thumb/v7-m/nofp\libc.a(lib_a-errno.o)
                              CMakeFiles/Receiver.elf.dir/Core/Src/syscalls.c.obj (__errno)
c:/progra~2/gnuarm~1/102020~1/bin/../lib/gcc/arm-none-eabi/10.2.1/../../../../arm-none-eabi/lib/thumb/v7-m/nofp\libc.a(lib_a-exit.o)
                              c:/progra~2/gnuarm~1/102020~1/bin/../lib/gcc/arm-none-eabi/10.2.1/../../../../arm-none-eabi/lib/thumb/v7-m/nofp/crt0.o (exit)
c:/progra~2/gnuarm~1/102020~1/bin/../lib/gcc/arm-none-eabi/10.2.1/../../../../arm-none-eabi/lib/thumb/v7-m/nofp\libc.a(lib_a-impure.o)
                              c:/progra~2/gnuarm~1/102020~1/bin/../lib/gcc/arm-none-eabi/10.2.1/../../../../arm-none-eabi/lib/thumb/v7-m/nofp\libc.a(lib_a-exit.o) (_global_impure_ptr)
c:/progra~2/gnuarm~1/102020~1/bin/../lib/gcc/arm-none-eabi/10.2.1/../../../../arm-none-eabi/lib/thumb/v7-m/nofp\libc.a(lib_a-init.o)
                              c:/progra~2/gnuarm~1/102020~1/bin/../lib/gcc/arm-none-eabi/10.2.1/../../../../arm-none-eabi/lib/thumb/v7-m/nofp/crt0.o (__libc_init_array)
c:/progra~2/gnuarm~1/102020~1/bin/../lib/gcc/arm-none-eabi/10.2.1/../../../../arm-none-eabi/lib/thumb/v7-m/nofp\libc.a(lib_a-memset.o)
                              c:/progra~2/gnuarm~1/102020~1/bin/../lib/gcc/arm-none-eabi/10.2.1/../../../../arm-none-eabi/lib/thumb/v7-m/nofp/crt0.o (memset)
c:/progra~2/gnuarm~1/102020~1/bin/../lib/gcc/arm-none-eabi/10.2.1/../../../../arm-none-eabi/lib/thumb/v7-m/nofp\libc.a(lib_a-strlen-stub.o)
                              CMakeFiles/Receiver.elf.dir/Core/Src/usart.c.obj (strlen)
c:/progra~2/gnuarm~1/102020~1/bin/../lib/gcc/arm-none-eabi/10.2.1/../../../../arm-none-eabi/lib/thumb/v7-m/nofp\libc.a(lib_a-__call_atexit.o)
                              c:/progra~2/gnuarm~1/102020~1/bin/../lib/gcc/arm-none-eabi/10.2.1/../../../../arm-none-eabi/lib/thumb/v7-m/nofp\libc.a(lib_a-exit.o) (__call_exitprocs)
c:/progra~2/gnuarm~1/102020~1/bin/../lib/gcc/arm-none-eabi/10.2.1/../../../../arm-none-eabi/lib/thumb/v7-m/nofp\libc.a(lib_a-atexit.o)
                              c:/progra~2/gnuarm~1/102020~1/bin/../lib/gcc/arm-none-eabi/10.2.1/../../../../arm-none-eabi/lib/thumb/v7-m/nofp\libc.a(lib_a-__call_atexit.o) (atexit)
c:/progra~2/gnuarm~1/102020~1/bin/../lib/gcc/arm-none-eabi/10.2.1/../../../../arm-none-eabi/lib/thumb/v7-m/nofp\libc.a(lib_a-fini.o)
                              c:/progra~2/gnuarm~1/102020~1/bin/../lib/gcc/arm-none-eabi/10.2.1/../../../../arm-none-eabi/lib/thumb/v7-m/nofp\libc.a(lib_a-__call_atexit.o) (__libc_fini_array)
c:/progra~2/gnuarm~1/102020~1/bin/../lib/gcc/arm-none-eabi/10.2.1/../../../../arm-none-eabi/lib/thumb/v7-m/nofp\libc.a(lib_a-lock.o)
                              c:/progra~2/gnuarm~1/102020~1/bin/../lib/gcc/arm-none-eabi/10.2.1/../../../../arm-none-eabi/lib/thumb/v7-m/nofp\libc.a(lib_a-__call_atexit.o) (__retarget_lock_acquire_recursive)
c:/progra~2/gnuarm~1/102020~1/bin/../lib/gcc/arm-none-eabi/10.2.1/../../../../arm-none-eabi/lib/thumb/v7-m/nofp\libc.a(lib_a-__atexit.o)
                              c:/progra~2/gnuarm~1/102020~1/bin/../lib/gcc/arm-none-eabi/10.2.1/../../../../arm-none-eabi/lib/thumb/v7-m/nofp\libc.a(lib_a-atexit.o) (__register_exitproc)

Discarded input sections

 .text          0x00000000        0x0 c:/progra~2/gnuarm~1/102020~1/bin/../lib/gcc/arm-none-eabi/10.2.1/thumb/v7-m/nofp/crti.o
 .data          0x00000000        0x0 c:/progra~2/gnuarm~1/102020~1/bin/../lib/gcc/arm-none-eabi/10.2.1/thumb/v7-m/nofp/crti.o
 .bss           0x00000000        0x0 c:/progra~2/gnuarm~1/102020~1/bin/../lib/gcc/arm-none-eabi/10.2.1/thumb/v7-m/nofp/crti.o
 .data          0x00000000        0x4 c:/progra~2/gnuarm~1/102020~1/bin/../lib/gcc/arm-none-eabi/10.2.1/thumb/v7-m/nofp/crtbegin.o
 .rodata        0x00000000       0x24 c:/progra~2/gnuarm~1/102020~1/bin/../lib/gcc/arm-none-eabi/10.2.1/thumb/v7-m/nofp/crtbegin.o
 .text          0x00000000       0x7c c:/progra~2/gnuarm~1/102020~1/bin/../lib/gcc/arm-none-eabi/10.2.1/../../../../arm-none-eabi/lib/thumb/v7-m/nofp/crt0.o
 .data          0x00000000        0x0 c:/progra~2/gnuarm~1/102020~1/bin/../lib/gcc/arm-none-eabi/10.2.1/../../../../arm-none-eabi/lib/thumb/v7-m/nofp/crt0.o
 .bss           0x00000000        0x0 c:/progra~2/gnuarm~1/102020~1/bin/../lib/gcc/arm-none-eabi/10.2.1/../../../../arm-none-eabi/lib/thumb/v7-m/nofp/crt0.o
 .ARM.extab     0x00000000        0x0 c:/progra~2/gnuarm~1/102020~1/bin/../lib/gcc/arm-none-eabi/10.2.1/../../../../arm-none-eabi/lib/thumb/v7-m/nofp/crt0.o
 .ARM.exidx     0x00000000       0x10 c:/progra~2/gnuarm~1/102020~1/bin/../lib/gcc/arm-none-eabi/10.2.1/../../../../arm-none-eabi/lib/thumb/v7-m/nofp/crt0.o
 .ARM.attributes
                0x00000000       0x1b c:/progra~2/gnuarm~1/102020~1/bin/../lib/gcc/arm-none-eabi/10.2.1/../../../../arm-none-eabi/lib/thumb/v7-m/nofp/crt0.o
 .text          0x00000000        0x0 CMakeFiles/Receiver.elf.dir/Core/Src/main.c.obj
 .data          0x00000000        0x0 CMakeFiles/Receiver.elf.dir/Core/Src/main.c.obj
 .bss           0x00000000        0x0 CMakeFiles/Receiver.elf.dir/Core/Src/main.c.obj
 .text.Error_Handler
                0x00000000        0x4 CMakeFiles/Receiver.elf.dir/Core/Src/main.c.obj
 .text          0x00000000        0x0 CMakeFiles/Receiver.elf.dir/Core/Src/nrf24l01.c.obj
 .data          0x00000000        0x0 CMakeFiles/Receiver.elf.dir/Core/Src/nrf24l01.c.obj
 .bss           0x00000000        0x0 CMakeFiles/Receiver.elf.dir/Core/Src/nrf24l01.c.obj
 .text.NRF24_TX_Mode
                0x00000000       0x24 CMakeFiles/Receiver.elf.dir/Core/Src/nrf24l01.c.obj
 .text.NRF24_Transmit
                0x00000000       0x3c CMakeFiles/Receiver.elf.dir/Core/Src/nrf24l01.c.obj
 .text.NRF24_Send
                0x00000000       0x9c CMakeFiles/Receiver.elf.dir/Core/Src/nrf24l01.c.obj
 .text          0x00000000        0x0 CMakeFiles/Receiver.elf.dir/Core/Src/packet-manager.c.obj
 .data          0x00000000        0x0 CMakeFiles/Receiver.elf.dir/Core/Src/packet-manager.c.obj
 .bss           0x00000000        0x0 CMakeFiles/Receiver.elf.dir/Core/Src/packet-manager.c.obj
 .text.SetPPM   0x00000000        0xc CMakeFiles/Receiver.elf.dir/Core/Src/packet-manager.c.obj
 .text.SetIndicatorsInPacket
                0x00000000        0xc CMakeFiles/Receiver.elf.dir/Core/Src/packet-manager.c.obj
 .text.SetupPacket
                0x00000000       0x58 CMakeFiles/Receiver.elf.dir/Core/Src/packet-manager.c.obj
 .text.EncodeBytesFromPacket
                0x00000000       0x1a CMakeFiles/Receiver.elf.dir/Core/Src/packet-manager.c.obj
 .text.SendPacket
                0x00000000       0x30 CMakeFiles/Receiver.elf.dir/Core/Src/packet-manager.c.obj
 .rodata        0x00000000        0x3 CMakeFiles/Receiver.elf.dir/Core/Src/packet-manager.c.obj
 .data.globalPacket
                0x00000000        0x3 CMakeFiles/Receiver.elf.dir/Core/Src/packet-manager.c.obj
 .text          0x00000000        0x0 CMakeFiles/Receiver.elf.dir/Core/Src/stm32f1xx_it.c.obj
 .data          0x00000000        0x0 CMakeFiles/Receiver.elf.dir/Core/Src/stm32f1xx_it.c.obj
 .bss           0x00000000        0x0 CMakeFiles/Receiver.elf.dir/Core/Src/stm32f1xx_it.c.obj
 .text          0x00000000        0x0 CMakeFiles/Receiver.elf.dir/Core/Src/syscalls.c.obj
 .data          0x00000000        0x0 CMakeFiles/Receiver.elf.dir/Core/Src/syscalls.c.obj
 .bss           0x00000000        0x0 CMakeFiles/Receiver.elf.dir/Core/Src/syscalls.c.obj
 .text.initialise_monitor_handles
                0x00000000        0x2 CMakeFiles/Receiver.elf.dir/Core/Src/syscalls.c.obj
 .text._getpid  0x00000000        0x4 CMakeFiles/Receiver.elf.dir/Core/Src/syscalls.c.obj
 .text._kill    0x00000000       0x10 CMakeFiles/Receiver.elf.dir/Core/Src/syscalls.c.obj
 .text._exit    0x00000000        0xc CMakeFiles/Receiver.elf.dir/Core/Src/syscalls.c.obj
 .text._read    0x00000000       0x20 CMakeFiles/Receiver.elf.dir/Core/Src/syscalls.c.obj
 .text._write   0x00000000       0x1c CMakeFiles/Receiver.elf.dir/Core/Src/syscalls.c.obj
 .text._close   0x00000000        0x6 CMakeFiles/Receiver.elf.dir/Core/Src/syscalls.c.obj
 .text._fstat   0x00000000        0xa CMakeFiles/Receiver.elf.dir/Core/Src/syscalls.c.obj
 .text._isatty  0x00000000        0x4 CMakeFiles/Receiver.elf.dir/Core/Src/syscalls.c.obj
 .text._lseek   0x00000000        0x4 CMakeFiles/Receiver.elf.dir/Core/Src/syscalls.c.obj
 .text._open    0x00000000        0xa CMakeFiles/Receiver.elf.dir/Core/Src/syscalls.c.obj
 .text._wait    0x00000000       0x10 CMakeFiles/Receiver.elf.dir/Core/Src/syscalls.c.obj
 .text._unlink  0x00000000       0x10 CMakeFiles/Receiver.elf.dir/Core/Src/syscalls.c.obj
 .text._times   0x00000000        0x6 CMakeFiles/Receiver.elf.dir/Core/Src/syscalls.c.obj
 .text._stat    0x00000000        0xa CMakeFiles/Receiver.elf.dir/Core/Src/syscalls.c.obj
 .text._link    0x00000000       0x10 CMakeFiles/Receiver.elf.dir/Core/Src/syscalls.c.obj
 .text._fork    0x00000000       0x10 CMakeFiles/Receiver.elf.dir/Core/Src/syscalls.c.obj
 .text._execve  0x00000000       0x10 CMakeFiles/Receiver.elf.dir/Core/Src/syscalls.c.obj
 .bss.__env     0x00000000        0x4 CMakeFiles/Receiver.elf.dir/Core/Src/syscalls.c.obj
 .data.environ  0x00000000        0x4 CMakeFiles/Receiver.elf.dir/Core/Src/syscalls.c.obj
 .debug_info    0x00000000      0x7bb CMakeFiles/Receiver.elf.dir/Core/Src/syscalls.c.obj
 .debug_abbrev  0x00000000      0x1b4 CMakeFiles/Receiver.elf.dir/Core/Src/syscalls.c.obj
 .debug_loc     0x00000000      0x3c5 CMakeFiles/Receiver.elf.dir/Core/Src/syscalls.c.obj
 .debug_aranges
                0x00000000       0xa8 CMakeFiles/Receiver.elf.dir/Core/Src/syscalls.c.obj
 .debug_ranges  0x00000000       0x98 CMakeFiles/Receiver.elf.dir/Core/Src/syscalls.c.obj
 .debug_line    0x00000000      0x3db CMakeFiles/Receiver.elf.dir/Core/Src/syscalls.c.obj
 .debug_str     0x00000000      0x41b CMakeFiles/Receiver.elf.dir/Core/Src/syscalls.c.obj
 .comment       0x00000000       0x4e CMakeFiles/Receiver.elf.dir/Core/Src/syscalls.c.obj
 .debug_frame   0x00000000      0x190 CMakeFiles/Receiver.elf.dir/Core/Src/syscalls.c.obj
 .ARM.attributes
                0x00000000       0x2d CMakeFiles/Receiver.elf.dir/Core/Src/syscalls.c.obj
 .text          0x00000000        0x0 CMakeFiles/Receiver.elf.dir/Core/Src/sysmem.c.obj
 .data          0x00000000        0x0 CMakeFiles/Receiver.elf.dir/Core/Src/sysmem.c.obj
 .bss           0x00000000        0x0 CMakeFiles/Receiver.elf.dir/Core/Src/sysmem.c.obj
 .text._sbrk    0x00000000       0x48 CMakeFiles/Receiver.elf.dir/Core/Src/sysmem.c.obj
 .bss.__sbrk_heap_end
                0x00000000        0x4 CMakeFiles/Receiver.elf.dir/Core/Src/sysmem.c.obj
 .debug_info    0x00000000      0x174 CMakeFiles/Receiver.elf.dir/Core/Src/sysmem.c.obj
 .debug_abbrev  0x00000000       0xe7 CMakeFiles/Receiver.elf.dir/Core/Src/sysmem.c.obj
 .debug_loc     0x00000000       0x64 CMakeFiles/Receiver.elf.dir/Core/Src/sysmem.c.obj
 .debug_aranges
                0x00000000       0x20 CMakeFiles/Receiver.elf.dir/Core/Src/sysmem.c.obj
 .debug_ranges  0x00000000       0x10 CMakeFiles/Receiver.elf.dir/Core/Src/sysmem.c.obj
 .debug_line    0x00000000      0x19b CMakeFiles/Receiver.elf.dir/Core/Src/sysmem.c.obj
 .debug_str     0x00000000      0x23d CMakeFiles/Receiver.elf.dir/Core/Src/sysmem.c.obj
 .comment       0x00000000       0x4e CMakeFiles/Receiver.elf.dir/Core/Src/sysmem.c.obj
 .debug_frame   0x00000000       0x28 CMakeFiles/Receiver.elf.dir/Core/Src/sysmem.c.obj
 .ARM.attributes
                0x00000000       0x2d CMakeFiles/Receiver.elf.dir/Core/Src/sysmem.c.obj
 .text          0x00000000        0x0 CMakeFiles/Receiver.elf.dir/Core/Src/system_stm32f1xx.c.obj
 .data          0x00000000        0x0 CMakeFiles/Receiver.elf.dir/Core/Src/system_stm32f1xx.c.obj
 .bss           0x00000000        0x0 CMakeFiles/Receiver.elf.dir/Core/Src/system_stm32f1xx.c.obj
 .text.SystemCoreClockUpdate
                0x00000000       0x94 CMakeFiles/Receiver.elf.dir/Core/Src/system_stm32f1xx.c.obj
 .text          0x00000000        0x0 CMakeFiles/Receiver.elf.dir/Core/Src/turn-indicators.c.obj
 .data          0x00000000        0x0 CMakeFiles/Receiver.elf.dir/Core/Src/turn-indicators.c.obj
 .bss           0x00000000        0x0 CMakeFiles/Receiver.elf.dir/Core/Src/turn-indicators.c.obj
 .text          0x00000000        0x0 CMakeFiles/Receiver.elf.dir/Core/Src/usart.c.obj
 .data          0x00000000        0x0 CMakeFiles/Receiver.elf.dir/Core/Src/usart.c.obj
 .bss           0x00000000        0x0 CMakeFiles/Receiver.elf.dir/Core/Src/usart.c.obj
 .text.PrintArray
                0x00000000       0x2c CMakeFiles/Receiver.elf.dir/Core/Src/usart.c.obj
 .text._write   0x00000000       0x2c CMakeFiles/Receiver.elf.dir/Core/Src/usart.c.obj
 .text.fputc    0x00000000        0xa CMakeFiles/Receiver.elf.dir/Core/Src/usart.c.obj
 .text.fputs    0x00000000        0x8 CMakeFiles/Receiver.elf.dir/Core/Src/usart.c.obj
 .text          0x00000000        0x0 CMakeFiles/Receiver.elf.dir/Core/Src/user-main.c.obj
 .data          0x00000000        0x0 CMakeFiles/Receiver.elf.dir/Core/Src/user-main.c.obj
 .bss           0x00000000        0x0 CMakeFiles/Receiver.elf.dir/Core/Src/user-main.c.obj
 .text          0x00000000        0x0 CMakeFiles/Receiver.elf.dir/Core/Src/vesc.c.obj
 .data          0x00000000        0x0 CMakeFiles/Receiver.elf.dir/Core/Src/vesc.c.obj
 .bss           0x00000000        0x0 CMakeFiles/Receiver.elf.dir/Core/Src/vesc.c.obj
 .text          0x00000000        0x0 CMakeFiles/Receiver.elf.dir/Core/Src/ws2812.c.obj
 .data          0x00000000        0x0 CMakeFiles/Receiver.elf.dir/Core/Src/ws2812.c.obj
 .bss           0x00000000        0x0 CMakeFiles/Receiver.elf.dir/Core/Src/ws2812.c.obj
 .text          0x00000000       0x14 CMakeFiles/Receiver.elf.dir/Core/Startup/startup_stm32f103c8tx.s.obj
 .data          0x00000000        0x0 CMakeFiles/Receiver.elf.dir/Core/Startup/startup_stm32f103c8tx.s.obj
 .bss           0x00000000        0x0 CMakeFiles/Receiver.elf.dir/Core/Startup/startup_stm32f103c8tx.s.obj
 .text          0x00000000        0x0 CMakeFiles/Receiver.elf.dir/Drivers/STM32F1xx_HAL_Driver/Src/stm32f1xx_ll_dma.c.obj
 .data          0x00000000        0x0 CMakeFiles/Receiver.elf.dir/Drivers/STM32F1xx_HAL_Driver/Src/stm32f1xx_ll_dma.c.obj
 .bss           0x00000000        0x0 CMakeFiles/Receiver.elf.dir/Drivers/STM32F1xx_HAL_Driver/Src/stm32f1xx_ll_dma.c.obj
 .text.LL_DMA_DeInit
                0x00000000       0xf0 CMakeFiles/Receiver.elf.dir/Drivers/STM32F1xx_HAL_Driver/Src/stm32f1xx_ll_dma.c.obj
 .text.LL_DMA_Init
                0x00000000       0x60 CMakeFiles/Receiver.elf.dir/Drivers/STM32F1xx_HAL_Driver/Src/stm32f1xx_ll_dma.c.obj
 .text.LL_DMA_StructInit
                0x00000000       0x18 CMakeFiles/Receiver.elf.dir/Drivers/STM32F1xx_HAL_Driver/Src/stm32f1xx_ll_dma.c.obj
 .rodata.CHANNEL_OFFSET_TAB
                0x00000000        0x7 CMakeFiles/Receiver.elf.dir/Drivers/STM32F1xx_HAL_Driver/Src/stm32f1xx_ll_dma.c.obj
 .debug_info    0x00000000      0x691 CMakeFiles/Receiver.elf.dir/Drivers/STM32F1xx_HAL_Driver/Src/stm32f1xx_ll_dma.c.obj
 .debug_abbrev  0x00000000      0x236 CMakeFiles/Receiver.elf.dir/Drivers/STM32F1xx_HAL_Driver/Src/stm32f1xx_ll_dma.c.obj
 .debug_loc     0x00000000      0x482 CMakeFiles/Receiver.elf.dir/Drivers/STM32F1xx_HAL_Driver/Src/stm32f1xx_ll_dma.c.obj
 .debug_aranges
                0x00000000       0x30 CMakeFiles/Receiver.elf.dir/Drivers/STM32F1xx_HAL_Driver/Src/stm32f1xx_ll_dma.c.obj
 .debug_ranges  0x00000000       0xc8 CMakeFiles/Receiver.elf.dir/Drivers/STM32F1xx_HAL_Driver/Src/stm32f1xx_ll_dma.c.obj
 .debug_line    0x00000000      0x491 CMakeFiles/Receiver.elf.dir/Drivers/STM32F1xx_HAL_Driver/Src/stm32f1xx_ll_dma.c.obj
 .debug_str     0x00000000      0x462 CMakeFiles/Receiver.elf.dir/Drivers/STM32F1xx_HAL_Driver/Src/stm32f1xx_ll_dma.c.obj
 .comment       0x00000000       0x4e CMakeFiles/Receiver.elf.dir/Drivers/STM32F1xx_HAL_Driver/Src/stm32f1xx_ll_dma.c.obj
 .debug_frame   0x00000000       0x48 CMakeFiles/Receiver.elf.dir/Drivers/STM32F1xx_HAL_Driver/Src/stm32f1xx_ll_dma.c.obj
 .ARM.attributes
                0x00000000       0x2d CMakeFiles/Receiver.elf.dir/Drivers/STM32F1xx_HAL_Driver/Src/stm32f1xx_ll_dma.c.obj
 .text          0x00000000        0x0 CMakeFiles/Receiver.elf.dir/Drivers/STM32F1xx_HAL_Driver/Src/stm32f1xx_ll_exti.c.obj
 .data          0x00000000        0x0 CMakeFiles/Receiver.elf.dir/Drivers/STM32F1xx_HAL_Driver/Src/stm32f1xx_ll_exti.c.obj
 .bss           0x00000000        0x0 CMakeFiles/Receiver.elf.dir/Drivers/STM32F1xx_HAL_Driver/Src/stm32f1xx_ll_exti.c.obj
 .text.LL_EXTI_DeInit
                0x00000000       0x1c CMakeFiles/Receiver.elf.dir/Drivers/STM32F1xx_HAL_Driver/Src/stm32f1xx_ll_exti.c.obj
 .text.LL_EXTI_StructInit
                0x00000000        0xe CMakeFiles/Receiver.elf.dir/Drivers/STM32F1xx_HAL_Driver/Src/stm32f1xx_ll_exti.c.obj
 .text          0x00000000        0x0 CMakeFiles/Receiver.elf.dir/Drivers/STM32F1xx_HAL_Driver/Src/stm32f1xx_ll_gpio.c.obj
 .data          0x00000000        0x0 CMakeFiles/Receiver.elf.dir/Drivers/STM32F1xx_HAL_Driver/Src/stm32f1xx_ll_gpio.c.obj
 .bss           0x00000000        0x0 CMakeFiles/Receiver.elf.dir/Drivers/STM32F1xx_HAL_Driver/Src/stm32f1xx_ll_gpio.c.obj
 .text.LL_GPIO_DeInit
                0x00000000       0xb0 CMakeFiles/Receiver.elf.dir/Drivers/STM32F1xx_HAL_Driver/Src/stm32f1xx_ll_gpio.c.obj
 .text.LL_GPIO_StructInit
                0x00000000       0x16 CMakeFiles/Receiver.elf.dir/Drivers/STM32F1xx_HAL_Driver/Src/stm32f1xx_ll_gpio.c.obj
 .text          0x00000000        0x0 CMakeFiles/Receiver.elf.dir/Drivers/STM32F1xx_HAL_Driver/Src/stm32f1xx_ll_pwr.c.obj
 .data          0x00000000        0x0 CMakeFiles/Receiver.elf.dir/Drivers/STM32F1xx_HAL_Driver/Src/stm32f1xx_ll_pwr.c.obj
 .bss           0x00000000        0x0 CMakeFiles/Receiver.elf.dir/Drivers/STM32F1xx_HAL_Driver/Src/stm32f1xx_ll_pwr.c.obj
 .text.LL_PWR_DeInit
                0x00000000       0x1c CMakeFiles/Receiver.elf.dir/Drivers/STM32F1xx_HAL_Driver/Src/stm32f1xx_ll_pwr.c.obj
 .debug_info    0x00000000      0x1ec CMakeFiles/Receiver.elf.dir/Drivers/STM32F1xx_HAL_Driver/Src/stm32f1xx_ll_pwr.c.obj
 .debug_abbrev  0x00000000      0x127 CMakeFiles/Receiver.elf.dir/Drivers/STM32F1xx_HAL_Driver/Src/stm32f1xx_ll_pwr.c.obj
 .debug_loc     0x00000000       0x30 CMakeFiles/Receiver.elf.dir/Drivers/STM32F1xx_HAL_Driver/Src/stm32f1xx_ll_pwr.c.obj
 .debug_aranges
                0x00000000       0x20 CMakeFiles/Receiver.elf.dir/Drivers/STM32F1xx_HAL_Driver/Src/stm32f1xx_ll_pwr.c.obj
 .debug_ranges  0x00000000       0x10 CMakeFiles/Receiver.elf.dir/Drivers/STM32F1xx_HAL_Driver/Src/stm32f1xx_ll_pwr.c.obj
 .debug_line    0x00000000      0x1f2 CMakeFiles/Receiver.elf.dir/Drivers/STM32F1xx_HAL_Driver/Src/stm32f1xx_ll_pwr.c.obj
 .debug_str     0x00000000      0x270 CMakeFiles/Receiver.elf.dir/Drivers/STM32F1xx_HAL_Driver/Src/stm32f1xx_ll_pwr.c.obj
 .comment       0x00000000       0x4e CMakeFiles/Receiver.elf.dir/Drivers/STM32F1xx_HAL_Driver/Src/stm32f1xx_ll_pwr.c.obj
 .debug_frame   0x00000000       0x20 CMakeFiles/Receiver.elf.dir/Drivers/STM32F1xx_HAL_Driver/Src/stm32f1xx_ll_pwr.c.obj
 .ARM.attributes
                0x00000000       0x2d CMakeFiles/Receiver.elf.dir/Drivers/STM32F1xx_HAL_Driver/Src/stm32f1xx_ll_pwr.c.obj
 .text          0x00000000        0x0 CMakeFiles/Receiver.elf.dir/Drivers/STM32F1xx_HAL_Driver/Src/stm32f1xx_ll_rcc.c.obj
 .data          0x00000000        0x0 CMakeFiles/Receiver.elf.dir/Drivers/STM32F1xx_HAL_Driver/Src/stm32f1xx_ll_rcc.c.obj
 .bss           0x00000000        0x0 CMakeFiles/Receiver.elf.dir/Drivers/STM32F1xx_HAL_Driver/Src/stm32f1xx_ll_rcc.c.obj
 .text.LL_RCC_DeInit
                0x00000000       0x68 CMakeFiles/Receiver.elf.dir/Drivers/STM32F1xx_HAL_Driver/Src/stm32f1xx_ll_rcc.c.obj
 .text.LL_RCC_GetUSBClockFreq
                0x00000000       0x3c CMakeFiles/Receiver.elf.dir/Drivers/STM32F1xx_HAL_Driver/Src/stm32f1xx_ll_rcc.c.obj
 .text.LL_RCC_GetADCClockFreq
                0x00000000       0x30 CMakeFiles/Receiver.elf.dir/Drivers/STM32F1xx_HAL_Driver/Src/stm32f1xx_ll_rcc.c.obj
 .text          0x00000000        0x0 CMakeFiles/Receiver.elf.dir/Drivers/STM32F1xx_HAL_Driver/Src/stm32f1xx_ll_spi.c.obj
 .data          0x00000000        0x0 CMakeFiles/Receiver.elf.dir/Drivers/STM32F1xx_HAL_Driver/Src/stm32f1xx_ll_spi.c.obj
 .bss           0x00000000        0x0 CMakeFiles/Receiver.elf.dir/Drivers/STM32F1xx_HAL_Driver/Src/stm32f1xx_ll_spi.c.obj
 .text.LL_SPI_DeInit
                0x00000000       0x4c CMakeFiles/Receiver.elf.dir/Drivers/STM32F1xx_HAL_Driver/Src/stm32f1xx_ll_spi.c.obj
 .text.LL_SPI_StructInit
                0x00000000       0x1a CMakeFiles/Receiver.elf.dir/Drivers/STM32F1xx_HAL_Driver/Src/stm32f1xx_ll_spi.c.obj
 .text          0x00000000        0x0 CMakeFiles/Receiver.elf.dir/Drivers/STM32F1xx_HAL_Driver/Src/stm32f1xx_ll_tim.c.obj
 .data          0x00000000        0x0 CMakeFiles/Receiver.elf.dir/Drivers/STM32F1xx_HAL_Driver/Src/stm32f1xx_ll_tim.c.obj
 .bss           0x00000000        0x0 CMakeFiles/Receiver.elf.dir/Drivers/STM32F1xx_HAL_Driver/Src/stm32f1xx_ll_tim.c.obj
 .text.IC1Config
                0x00000000       0x36 CMakeFiles/Receiver.elf.dir/Drivers/STM32F1xx_HAL_Driver/Src/stm32f1xx_ll_tim.c.obj
 .text.IC2Config
                0x00000000       0x38 CMakeFiles/Receiver.elf.dir/Drivers/STM32F1xx_HAL_Driver/Src/stm32f1xx_ll_tim.c.obj
 .text.IC3Config
                0x00000000       0x38 CMakeFiles/Receiver.elf.dir/Drivers/STM32F1xx_HAL_Driver/Src/stm32f1xx_ll_tim.c.obj
 .text.IC4Config
                0x00000000       0x38 CMakeFiles/Receiver.elf.dir/Drivers/STM32F1xx_HAL_Driver/Src/stm32f1xx_ll_tim.c.obj
 .text.LL_TIM_DeInit
                0x00000000       0x8c CMakeFiles/Receiver.elf.dir/Drivers/STM32F1xx_HAL_Driver/Src/stm32f1xx_ll_tim.c.obj
 .text.LL_TIM_StructInit
                0x00000000       0x12 CMakeFiles/Receiver.elf.dir/Drivers/STM32F1xx_HAL_Driver/Src/stm32f1xx_ll_tim.c.obj
 .text.LL_TIM_OC_StructInit
                0x00000000       0x14 CMakeFiles/Receiver.elf.dir/Drivers/STM32F1xx_HAL_Driver/Src/stm32f1xx_ll_tim.c.obj
 .text.LL_TIM_IC_StructInit
                0x00000000       0x10 CMakeFiles/Receiver.elf.dir/Drivers/STM32F1xx_HAL_Driver/Src/stm32f1xx_ll_tim.c.obj
 .text.LL_TIM_IC_Init
                0x00000000       0x3c CMakeFiles/Receiver.elf.dir/Drivers/STM32F1xx_HAL_Driver/Src/stm32f1xx_ll_tim.c.obj
 .text.LL_TIM_ENCODER_StructInit
                0x00000000       0x1c CMakeFiles/Receiver.elf.dir/Drivers/STM32F1xx_HAL_Driver/Src/stm32f1xx_ll_tim.c.obj
 .text.LL_TIM_ENCODER_Init
                0x00000000       0x5e CMakeFiles/Receiver.elf.dir/Drivers/STM32F1xx_HAL_Driver/Src/stm32f1xx_ll_tim.c.obj
 .text.LL_TIM_HALLSENSOR_StructInit
                0x00000000        0xc CMakeFiles/Receiver.elf.dir/Drivers/STM32F1xx_HAL_Driver/Src/stm32f1xx_ll_tim.c.obj
 .text.LL_TIM_HALLSENSOR_Init
                0x00000000       0x5c CMakeFiles/Receiver.elf.dir/Drivers/STM32F1xx_HAL_Driver/Src/stm32f1xx_ll_tim.c.obj
 .text.LL_TIM_BDTR_StructInit
                0x00000000       0x12 CMakeFiles/Receiver.elf.dir/Drivers/STM32F1xx_HAL_Driver/Src/stm32f1xx_ll_tim.c.obj
 .text.LL_TIM_BDTR_Init
                0x00000000       0x3a CMakeFiles/Receiver.elf.dir/Drivers/STM32F1xx_HAL_Driver/Src/stm32f1xx_ll_tim.c.obj
 .text          0x00000000        0x0 CMakeFiles/Receiver.elf.dir/Drivers/STM32F1xx_HAL_Driver/Src/stm32f1xx_ll_usart.c.obj
 .data          0x00000000        0x0 CMakeFiles/Receiver.elf.dir/Drivers/STM32F1xx_HAL_Driver/Src/stm32f1xx_ll_usart.c.obj
 .bss           0x00000000        0x0 CMakeFiles/Receiver.elf.dir/Drivers/STM32F1xx_HAL_Driver/Src/stm32f1xx_ll_usart.c.obj
 .text.LL_USART_DeInit
                0x00000000       0x6c CMakeFiles/Receiver.elf.dir/Drivers/STM32F1xx_HAL_Driver/Src/stm32f1xx_ll_usart.c.obj
 .text.LL_USART_StructInit
                0x00000000       0x16 CMakeFiles/Receiver.elf.dir/Drivers/STM32F1xx_HAL_Driver/Src/stm32f1xx_ll_usart.c.obj
 .text.LL_USART_ClockInit
                0x00000000       0x3c CMakeFiles/Receiver.elf.dir/Drivers/STM32F1xx_HAL_Driver/Src/stm32f1xx_ll_usart.c.obj
 .text.LL_USART_ClockStructInit
                0x00000000        0xc CMakeFiles/Receiver.elf.dir/Drivers/STM32F1xx_HAL_Driver/Src/stm32f1xx_ll_usart.c.obj
 .text          0x00000000        0x0 CMakeFiles/Receiver.elf.dir/Drivers/STM32F1xx_HAL_Driver/Src/stm32f1xx_ll_utils.c.obj
 .data          0x00000000        0x0 CMakeFiles/Receiver.elf.dir/Drivers/STM32F1xx_HAL_Driver/Src/stm32f1xx_ll_utils.c.obj
 .bss           0x00000000        0x0 CMakeFiles/Receiver.elf.dir/Drivers/STM32F1xx_HAL_Driver/Src/stm32f1xx_ll_utils.c.obj
 .text.UTILS_GetPLLOutputFrequency
                0x00000000       0x16 CMakeFiles/Receiver.elf.dir/Drivers/STM32F1xx_HAL_Driver/Src/stm32f1xx_ll_utils.c.obj
 .text.UTILS_PLL_IsBusy
                0x00000000       0x18 CMakeFiles/Receiver.elf.dir/Drivers/STM32F1xx_HAL_Driver/Src/stm32f1xx_ll_utils.c.obj
 .text.LL_SetFlashLatency
                0x00000000       0x54 CMakeFiles/Receiver.elf.dir/Drivers/STM32F1xx_HAL_Driver/Src/stm32f1xx_ll_utils.c.obj
 .text.UTILS_EnablePLLAndSwitchSystem
                0x00000000       0xb4 CMakeFiles/Receiver.elf.dir/Drivers/STM32F1xx_HAL_Driver/Src/stm32f1xx_ll_utils.c.obj
 .text.LL_PLL_ConfigSystemClock_HSI
                0x00000000       0x5c CMakeFiles/Receiver.elf.dir/Drivers/STM32F1xx_HAL_Driver/Src/stm32f1xx_ll_utils.c.obj
 .text.LL_PLL_ConfigSystemClock_HSE
                0x00000000       0x7c CMakeFiles/Receiver.elf.dir/Drivers/STM32F1xx_HAL_Driver/Src/stm32f1xx_ll_utils.c.obj
 .text          0x00000000        0x0 c:/progra~2/gnuarm~1/102020~1/bin/../lib/gcc/arm-none-eabi/10.2.1/../../../../arm-none-eabi/lib/thumb/v7-m/nofp\libc.a(lib_a-errno.o)
 .data          0x00000000        0x0 c:/progra~2/gnuarm~1/102020~1/bin/../lib/gcc/arm-none-eabi/10.2.1/../../../../arm-none-eabi/lib/thumb/v7-m/nofp\libc.a(lib_a-errno.o)
 .bss           0x00000000        0x0 c:/progra~2/gnuarm~1/102020~1/bin/../lib/gcc/arm-none-eabi/10.2.1/../../../../arm-none-eabi/lib/thumb/v7-m/nofp\libc.a(lib_a-errno.o)
 .text.__errno  0x00000000        0xc c:/progra~2/gnuarm~1/102020~1/bin/../lib/gcc/arm-none-eabi/10.2.1/../../../../arm-none-eabi/lib/thumb/v7-m/nofp\libc.a(lib_a-errno.o)
 .debug_frame   0x00000000       0x20 c:/progra~2/gnuarm~1/102020~1/bin/../lib/gcc/arm-none-eabi/10.2.1/../../../../arm-none-eabi/lib/thumb/v7-m/nofp\libc.a(lib_a-errno.o)
 .ARM.attributes
                0x00000000       0x2d c:/progra~2/gnuarm~1/102020~1/bin/../lib/gcc/arm-none-eabi/10.2.1/../../../../arm-none-eabi/lib/thumb/v7-m/nofp\libc.a(lib_a-errno.o)
 .text          0x00000000        0x0 c:/progra~2/gnuarm~1/102020~1/bin/../lib/gcc/arm-none-eabi/10.2.1/../../../../arm-none-eabi/lib/thumb/v7-m/nofp\libc.a(lib_a-exit.o)
 .data          0x00000000        0x0 c:/progra~2/gnuarm~1/102020~1/bin/../lib/gcc/arm-none-eabi/10.2.1/../../../../arm-none-eabi/lib/thumb/v7-m/nofp\libc.a(lib_a-exit.o)
 .bss           0x00000000        0x0 c:/progra~2/gnuarm~1/102020~1/bin/../lib/gcc/arm-none-eabi/10.2.1/../../../../arm-none-eabi/lib/thumb/v7-m/nofp\libc.a(lib_a-exit.o)
 .text.exit     0x00000000       0x20 c:/progra~2/gnuarm~1/102020~1/bin/../lib/gcc/arm-none-eabi/10.2.1/../../../../arm-none-eabi/lib/thumb/v7-m/nofp\libc.a(lib_a-exit.o)
 .debug_frame   0x00000000       0x28 c:/progra~2/gnuarm~1/102020~1/bin/../lib/gcc/arm-none-eabi/10.2.1/../../../../arm-none-eabi/lib/thumb/v7-m/nofp\libc.a(lib_a-exit.o)
 .ARM.attributes
                0x00000000       0x2d c:/progra~2/gnuarm~1/102020~1/bin/../lib/gcc/arm-none-eabi/10.2.1/../../../../arm-none-eabi/lib/thumb/v7-m/nofp\libc.a(lib_a-exit.o)
 .text          0x00000000        0x0 c:/progra~2/gnuarm~1/102020~1/bin/../lib/gcc/arm-none-eabi/10.2.1/../../../../arm-none-eabi/lib/thumb/v7-m/nofp\libc.a(lib_a-impure.o)
 .data          0x00000000        0x0 c:/progra~2/gnuarm~1/102020~1/bin/../lib/gcc/arm-none-eabi/10.2.1/../../../../arm-none-eabi/lib/thumb/v7-m/nofp\libc.a(lib_a-impure.o)
 .bss           0x00000000        0x0 c:/progra~2/gnuarm~1/102020~1/bin/../lib/gcc/arm-none-eabi/10.2.1/../../../../arm-none-eabi/lib/thumb/v7-m/nofp\libc.a(lib_a-impure.o)
 .data._impure_ptr
                0x00000000        0x4 c:/progra~2/gnuarm~1/102020~1/bin/../lib/gcc/arm-none-eabi/10.2.1/../../../../arm-none-eabi/lib/thumb/v7-m/nofp\libc.a(lib_a-impure.o)
 .text          0x00000000        0x0 c:/progra~2/gnuarm~1/102020~1/bin/../lib/gcc/arm-none-eabi/10.2.1/../../../../arm-none-eabi/lib/thumb/v7-m/nofp\libc.a(lib_a-init.o)
 .data          0x00000000        0x0 c:/progra~2/gnuarm~1/102020~1/bin/../lib/gcc/arm-none-eabi/10.2.1/../../../../arm-none-eabi/lib/thumb/v7-m/nofp\libc.a(lib_a-init.o)
 .bss           0x00000000        0x0 c:/progra~2/gnuarm~1/102020~1/bin/../lib/gcc/arm-none-eabi/10.2.1/../../../../arm-none-eabi/lib/thumb/v7-m/nofp\libc.a(lib_a-init.o)
 .text          0x00000000        0x0 c:/progra~2/gnuarm~1/102020~1/bin/../lib/gcc/arm-none-eabi/10.2.1/../../../../arm-none-eabi/lib/thumb/v7-m/nofp\libc.a(lib_a-memset.o)
 .data          0x00000000        0x0 c:/progra~2/gnuarm~1/102020~1/bin/../lib/gcc/arm-none-eabi/10.2.1/../../../../arm-none-eabi/lib/thumb/v7-m/nofp\libc.a(lib_a-memset.o)
 .bss           0x00000000        0x0 c:/progra~2/gnuarm~1/102020~1/bin/../lib/gcc/arm-none-eabi/10.2.1/../../../../arm-none-eabi/lib/thumb/v7-m/nofp\libc.a(lib_a-memset.o)
 .text          0x00000000        0x0 c:/progra~2/gnuarm~1/102020~1/bin/../lib/gcc/arm-none-eabi/10.2.1/../../../../arm-none-eabi/lib/thumb/v7-m/nofp\libc.a(lib_a-strlen-stub.o)
 .data          0x00000000        0x0 c:/progra~2/gnuarm~1/102020~1/bin/../lib/gcc/arm-none-eabi/10.2.1/../../../../arm-none-eabi/lib/thumb/v7-m/nofp\libc.a(lib_a-strlen-stub.o)
 .bss           0x00000000        0x0 c:/progra~2/gnuarm~1/102020~1/bin/../lib/gcc/arm-none-eabi/10.2.1/../../../../arm-none-eabi/lib/thumb/v7-m/nofp\libc.a(lib_a-strlen-stub.o)
 .text          0x00000000        0x0 c:/progra~2/gnuarm~1/102020~1/bin/../lib/gcc/arm-none-eabi/10.2.1/../../../../arm-none-eabi/lib/thumb/v7-m/nofp\libc.a(lib_a-__call_atexit.o)
 .data          0x00000000        0x0 c:/progra~2/gnuarm~1/102020~1/bin/../lib/gcc/arm-none-eabi/10.2.1/../../../../arm-none-eabi/lib/thumb/v7-m/nofp\libc.a(lib_a-__call_atexit.o)
 .bss           0x00000000        0x0 c:/progra~2/gnuarm~1/102020~1/bin/../lib/gcc/arm-none-eabi/10.2.1/../../../../arm-none-eabi/lib/thumb/v7-m/nofp\libc.a(lib_a-__call_atexit.o)
 .text.__call_exitprocs
                0x00000000       0xc4 c:/progra~2/gnuarm~1/102020~1/bin/../lib/gcc/arm-none-eabi/10.2.1/../../../../arm-none-eabi/lib/thumb/v7-m/nofp\libc.a(lib_a-__call_atexit.o)
 .text          0x00000000        0x0 c:/progra~2/gnuarm~1/102020~1/bin/../lib/gcc/arm-none-eabi/10.2.1/../../../../arm-none-eabi/lib/thumb/v7-m/nofp\libc.a(lib_a-atexit.o)
 .data          0x00000000        0x0 c:/progra~2/gnuarm~1/102020~1/bin/../lib/gcc/arm-none-eabi/10.2.1/../../../../arm-none-eabi/lib/thumb/v7-m/nofp\libc.a(lib_a-atexit.o)
 .bss           0x00000000        0x0 c:/progra~2/gnuarm~1/102020~1/bin/../lib/gcc/arm-none-eabi/10.2.1/../../../../arm-none-eabi/lib/thumb/v7-m/nofp\libc.a(lib_a-atexit.o)
 .text          0x00000000        0x0 c:/progra~2/gnuarm~1/102020~1/bin/../lib/gcc/arm-none-eabi/10.2.1/../../../../arm-none-eabi/lib/thumb/v7-m/nofp\libc.a(lib_a-fini.o)
 .data          0x00000000        0x0 c:/progra~2/gnuarm~1/102020~1/bin/../lib/gcc/arm-none-eabi/10.2.1/../../../../arm-none-eabi/lib/thumb/v7-m/nofp\libc.a(lib_a-fini.o)
 .bss           0x00000000        0x0 c:/progra~2/gnuarm~1/102020~1/bin/../lib/gcc/arm-none-eabi/10.2.1/../../../../arm-none-eabi/lib/thumb/v7-m/nofp\libc.a(lib_a-fini.o)
 .text          0x00000000        0x0 c:/progra~2/gnuarm~1/102020~1/bin/../lib/gcc/arm-none-eabi/10.2.1/../../../../arm-none-eabi/lib/thumb/v7-m/nofp\libc.a(lib_a-lock.o)
 .data          0x00000000        0x0 c:/progra~2/gnuarm~1/102020~1/bin/../lib/gcc/arm-none-eabi/10.2.1/../../../../arm-none-eabi/lib/thumb/v7-m/nofp\libc.a(lib_a-lock.o)
 .bss           0x00000000        0x0 c:/progra~2/gnuarm~1/102020~1/bin/../lib/gcc/arm-none-eabi/10.2.1/../../../../arm-none-eabi/lib/thumb/v7-m/nofp\libc.a(lib_a-lock.o)
 .text.__retarget_lock_init
                0x00000000        0x4 c:/progra~2/gnuarm~1/102020~1/bin/../lib/gcc/arm-none-eabi/10.2.1/../../../../arm-none-eabi/lib/thumb/v7-m/nofp\libc.a(lib_a-lock.o)
 .text.__retarget_lock_init_recursive
                0x00000000        0x4 c:/progra~2/gnuarm~1/102020~1/bin/../lib/gcc/arm-none-eabi/10.2.1/../../../../arm-none-eabi/lib/thumb/v7-m/nofp\libc.a(lib_a-lock.o)
 .text.__retarget_lock_close
                0x00000000        0x4 c:/progra~2/gnuarm~1/102020~1/bin/../lib/gcc/arm-none-eabi/10.2.1/../../../../arm-none-eabi/lib/thumb/v7-m/nofp\libc.a(lib_a-lock.o)
 .text.__retarget_lock_close_recursive
                0x00000000        0x4 c:/progra~2/gnuarm~1/102020~1/bin/../lib/gcc/arm-none-eabi/10.2.1/../../../../arm-none-eabi/lib/thumb/v7-m/nofp\libc.a(lib_a-lock.o)
 .text.__retarget_lock_acquire
                0x00000000        0x4 c:/progra~2/gnuarm~1/102020~1/bin/../lib/gcc/arm-none-eabi/10.2.1/../../../../arm-none-eabi/lib/thumb/v7-m/nofp\libc.a(lib_a-lock.o)
 .text.__retarget_lock_try_acquire
                0x00000000        0x4 c:/progra~2/gnuarm~1/102020~1/bin/../lib/gcc/arm-none-eabi/10.2.1/../../../../arm-none-eabi/lib/thumb/v7-m/nofp\libc.a(lib_a-lock.o)
 .text.__retarget_lock_try_acquire_recursive
                0x00000000        0x4 c:/progra~2/gnuarm~1/102020~1/bin/../lib/gcc/arm-none-eabi/10.2.1/../../../../arm-none-eabi/lib/thumb/v7-m/nofp\libc.a(lib_a-lock.o)
 .text.__retarget_lock_release
                0x00000000        0x4 c:/progra~2/gnuarm~1/102020~1/bin/../lib/gcc/arm-none-eabi/10.2.1/../../../../arm-none-eabi/lib/thumb/v7-m/nofp\libc.a(lib_a-lock.o)
 .bss.__lock___arc4random_mutex
                0x00000000        0x1 c:/progra~2/gnuarm~1/102020~1/bin/../lib/gcc/arm-none-eabi/10.2.1/../../../../arm-none-eabi/lib/thumb/v7-m/nofp\libc.a(lib_a-lock.o)
 .bss.__lock___at_quick_exit_mutex
                0x00000000        0x1 c:/progra~2/gnuarm~1/102020~1/bin/../lib/gcc/arm-none-eabi/10.2.1/../../../../arm-none-eabi/lib/thumb/v7-m/nofp\libc.a(lib_a-lock.o)
 .bss.__lock___dd_hash_mutex
                0x00000000        0x1 c:/progra~2/gnuarm~1/102020~1/bin/../lib/gcc/arm-none-eabi/10.2.1/../../../../arm-none-eabi/lib/thumb/v7-m/nofp\libc.a(lib_a-lock.o)
 .bss.__lock___env_recursive_mutex
                0x00000000        0x1 c:/progra~2/gnuarm~1/102020~1/bin/../lib/gcc/arm-none-eabi/10.2.1/../../../../arm-none-eabi/lib/thumb/v7-m/nofp\libc.a(lib_a-lock.o)
 .bss.__lock___malloc_recursive_mutex
                0x00000000        0x1 c:/progra~2/gnuarm~1/102020~1/bin/../lib/gcc/arm-none-eabi/10.2.1/../../../../arm-none-eabi/lib/thumb/v7-m/nofp\libc.a(lib_a-lock.o)
 .bss.__lock___sfp_recursive_mutex
                0x00000000        0x1 c:/progra~2/gnuarm~1/102020~1/bin/../lib/gcc/arm-none-eabi/10.2.1/../../../../arm-none-eabi/lib/thumb/v7-m/nofp\libc.a(lib_a-lock.o)
 .bss.__lock___sinit_recursive_mutex
                0x00000000        0x1 c:/progra~2/gnuarm~1/102020~1/bin/../lib/gcc/arm-none-eabi/10.2.1/../../../../arm-none-eabi/lib/thumb/v7-m/nofp\libc.a(lib_a-lock.o)
 .bss.__lock___tz_mutex
                0x00000000        0x1 c:/progra~2/gnuarm~1/102020~1/bin/../lib/gcc/arm-none-eabi/10.2.1/../../../../arm-none-eabi/lib/thumb/v7-m/nofp\libc.a(lib_a-lock.o)
 .text          0x00000000        0x0 c:/progra~2/gnuarm~1/102020~1/bin/../lib/gcc/arm-none-eabi/10.2.1/../../../../arm-none-eabi/lib/thumb/v7-m/nofp\libc.a(lib_a-__atexit.o)
 .data          0x00000000        0x0 c:/progra~2/gnuarm~1/102020~1/bin/../lib/gcc/arm-none-eabi/10.2.1/../../../../arm-none-eabi/lib/thumb/v7-m/nofp\libc.a(lib_a-__atexit.o)
 .bss           0x00000000        0x0 c:/progra~2/gnuarm~1/102020~1/bin/../lib/gcc/arm-none-eabi/10.2.1/../../../../arm-none-eabi/lib/thumb/v7-m/nofp\libc.a(lib_a-__atexit.o)
 .text          0x00000000        0x0 c:/progra~2/gnuarm~1/102020~1/bin/../lib/gcc/arm-none-eabi/10.2.1/thumb/v7-m/nofp/crtend.o
 .data          0x00000000        0x0 c:/progra~2/gnuarm~1/102020~1/bin/../lib/gcc/arm-none-eabi/10.2.1/thumb/v7-m/nofp/crtend.o
 .bss           0x00000000        0x0 c:/progra~2/gnuarm~1/102020~1/bin/../lib/gcc/arm-none-eabi/10.2.1/thumb/v7-m/nofp/crtend.o
 .rodata        0x00000000       0x24 c:/progra~2/gnuarm~1/102020~1/bin/../lib/gcc/arm-none-eabi/10.2.1/thumb/v7-m/nofp/crtend.o
 .eh_frame      0x00000000        0x4 c:/progra~2/gnuarm~1/102020~1/bin/../lib/gcc/arm-none-eabi/10.2.1/thumb/v7-m/nofp/crtend.o
 .ARM.attributes
                0x00000000       0x2d c:/progra~2/gnuarm~1/102020~1/bin/../lib/gcc/arm-none-eabi/10.2.1/thumb/v7-m/nofp/crtend.o
 .text          0x00000000        0x0 c:/progra~2/gnuarm~1/102020~1/bin/../lib/gcc/arm-none-eabi/10.2.1/thumb/v7-m/nofp/crtn.o
 .data          0x00000000        0x0 c:/progra~2/gnuarm~1/102020~1/bin/../lib/gcc/arm-none-eabi/10.2.1/thumb/v7-m/nofp/crtn.o
 .bss           0x00000000        0x0 c:/progra~2/gnuarm~1/102020~1/bin/../lib/gcc/arm-none-eabi/10.2.1/thumb/v7-m/nofp/crtn.o

Memory Configuration

Name             Origin             Length             Attributes
RAM              0x20000000         0x00005000         xrw
FLASH            0x08000000         0x00010000         xr
*default*        0x00000000         0xffffffff

Linker script and memory map

LOAD c:/progra~2/gnuarm~1/102020~1/bin/../lib/gcc/arm-none-eabi/10.2.1/thumb/v7-m/nofp/crti.o
LOAD c:/progra~2/gnuarm~1/102020~1/bin/../lib/gcc/arm-none-eabi/10.2.1/thumb/v7-m/nofp/crtbegin.o
LOAD c:/progra~2/gnuarm~1/102020~1/bin/../lib/gcc/arm-none-eabi/10.2.1/../../../../arm-none-eabi/lib/thumb/v7-m/nofp/crt0.o
LOAD CMakeFiles/Receiver.elf.dir/Core/Src/main.c.obj
LOAD CMakeFiles/Receiver.elf.dir/Core/Src/nrf24l01.c.obj
LOAD CMakeFiles/Receiver.elf.dir/Core/Src/packet-manager.c.obj
LOAD CMakeFiles/Receiver.elf.dir/Core/Src/stm32f1xx_it.c.obj
LOAD CMakeFiles/Receiver.elf.dir/Core/Src/syscalls.c.obj
LOAD CMakeFiles/Receiver.elf.dir/Core/Src/sysmem.c.obj
LOAD CMakeFiles/Receiver.elf.dir/Core/Src/system_stm32f1xx.c.obj
LOAD CMakeFiles/Receiver.elf.dir/Core/Src/turn-indicators.c.obj
LOAD CMakeFiles/Receiver.elf.dir/Core/Src/usart.c.obj
LOAD CMakeFiles/Receiver.elf.dir/Core/Src/user-main.c.obj
LOAD CMakeFiles/Receiver.elf.dir/Core/Src/vesc.c.obj
LOAD CMakeFiles/Receiver.elf.dir/Core/Src/ws2812.c.obj
LOAD CMakeFiles/Receiver.elf.dir/Core/Startup/startup_stm32f103c8tx.s.obj
LOAD CMakeFiles/Receiver.elf.dir/Drivers/STM32F1xx_HAL_Driver/Src/stm32f1xx_ll_dma.c.obj
LOAD CMakeFiles/Receiver.elf.dir/Drivers/STM32F1xx_HAL_Driver/Src/stm32f1xx_ll_exti.c.obj
LOAD CMakeFiles/Receiver.elf.dir/Drivers/STM32F1xx_HAL_Driver/Src/stm32f1xx_ll_gpio.c.obj
LOAD CMakeFiles/Receiver.elf.dir/Drivers/STM32F1xx_HAL_Driver/Src/stm32f1xx_ll_pwr.c.obj
LOAD CMakeFiles/Receiver.elf.dir/Drivers/STM32F1xx_HAL_Driver/Src/stm32f1xx_ll_rcc.c.obj
LOAD CMakeFiles/Receiver.elf.dir/Drivers/STM32F1xx_HAL_Driver/Src/stm32f1xx_ll_spi.c.obj
LOAD CMakeFiles/Receiver.elf.dir/Drivers/STM32F1xx_HAL_Driver/Src/stm32f1xx_ll_tim.c.obj
LOAD CMakeFiles/Receiver.elf.dir/Drivers/STM32F1xx_HAL_Driver/Src/stm32f1xx_ll_usart.c.obj
LOAD CMakeFiles/Receiver.elf.dir/Drivers/STM32F1xx_HAL_Driver/Src/stm32f1xx_ll_utils.c.obj
START GROUP
LOAD c:/progra~2/gnuarm~1/102020~1/bin/../lib/gcc/arm-none-eabi/10.2.1/thumb/v7-m/nofp\libgcc.a
LOAD c:/progra~2/gnuarm~1/102020~1/bin/../lib/gcc/arm-none-eabi/10.2.1/../../../../arm-none-eabi/lib/thumb/v7-m/nofp\libc.a
END GROUP
LOAD c:/progra~2/gnuarm~1/102020~1/bin/../lib/gcc/arm-none-eabi/10.2.1/thumb/v7-m/nofp/crtend.o
LOAD c:/progra~2/gnuarm~1/102020~1/bin/../lib/gcc/arm-none-eabi/10.2.1/thumb/v7-m/nofp/crtn.o
                0x20005000                _estack = (ORIGIN (RAM) + LENGTH (RAM))
                0x00000200                _Min_Heap_Size = 0x200
                0x00000400                _Min_Stack_Size = 0x400

.isr_vector     0x08000000      0x10c
                0x08000000                . = ALIGN (0x4)
 *(.isr_vector)
 .isr_vector    0x08000000      0x10c CMakeFiles/Receiver.elf.dir/Core/Startup/startup_stm32f103c8tx.s.obj
                0x08000000                g_pfnVectors
                0x0800010c                . = ALIGN (0x4)

.text           0x0800010c     0x1a0c
                0x0800010c                . = ALIGN (0x4)
 *(.text)
 .text          0x0800010c       0x40 c:/progra~2/gnuarm~1/102020~1/bin/../lib/gcc/arm-none-eabi/10.2.1/thumb/v7-m/nofp/crtbegin.o
 *(.text*)
 .text.NVIC_EncodePriority
                0x0800014c       0x36 CMakeFiles/Receiver.elf.dir/Core/Src/main.c.obj
 *fill*         0x08000182        0x2 
 .text.MX_DMA_Init
                0x08000184       0x4c CMakeFiles/Receiver.elf.dir/Core/Src/main.c.obj
 .text.MX_GPIO_Init
                0x080001d0      0x154 CMakeFiles/Receiver.elf.dir/Core/Src/main.c.obj
 .text.MX_SPI1_Init
                0x08000324       0xa4 CMakeFiles/Receiver.elf.dir/Core/Src/main.c.obj
 .text.MX_SPI2_Init
                0x080003c8       0xa8 CMakeFiles/Receiver.elf.dir/Core/Src/main.c.obj
 .text.MX_USART1_UART_Init
                0x08000470       0xb8 CMakeFiles/Receiver.elf.dir/Core/Src/main.c.obj
 .text.MX_TIM4_Init
                0x08000528       0x98 CMakeFiles/Receiver.elf.dir/Core/Src/main.c.obj
 .text.MX_TIM3_Init
                0x080005c0      0x14c CMakeFiles/Receiver.elf.dir/Core/Src/main.c.obj
 .text.MX_TIM2_Init
                0x0800070c       0xf4 CMakeFiles/Receiver.elf.dir/Core/Src/main.c.obj
 .text.SystemClock_Config
                0x08000800       0xb8 CMakeFiles/Receiver.elf.dir/Core/Src/main.c.obj
                0x08000800                SystemClock_Config
 .text.main     0x080008b8       0x8c CMakeFiles/Receiver.elf.dir/Core/Src/main.c.obj
                0x080008b8                main
 .text.MicroDelay
                0x08000944       0x30 CMakeFiles/Receiver.elf.dir/Core/Src/nrf24l01.c.obj
 .text.SPI_TransmitReceive
                0x08000974       0x30 CMakeFiles/Receiver.elf.dir/Core/Src/nrf24l01.c.obj
                0x08000974                SPI_TransmitReceive
 .text.NRF24_ReadReg
                0x080009a4       0x28 CMakeFiles/Receiver.elf.dir/Core/Src/nrf24l01.c.obj
                0x080009a4                NRF24_ReadReg
 .text.NRF24_WriteReg
                0x080009cc       0x20 CMakeFiles/Receiver.elf.dir/Core/Src/nrf24l01.c.obj
                0x080009cc                NRF24_WriteReg
 .text.NRF24_TglFeaturs
                0x080009ec       0x24 CMakeFiles/Receiver.elf.dir/Core/Src/nrf24l01.c.obj
                0x080009ec                NRF24_TglFeaturs
 .text.NRF24_ReadBuf
                0x08000a10       0x30 CMakeFiles/Receiver.elf.dir/Core/Src/nrf24l01.c.obj
                0x08000a10                NRF24_ReadBuf
 .text.NRF24_WriteBuf
                0x08000a40       0x34 CMakeFiles/Receiver.elf.dir/Core/Src/nrf24l01.c.obj
                0x08000a40                NRF24_WriteBuf
 .text.NRF24_FlushTX
                0x08000a74       0x1c CMakeFiles/Receiver.elf.dir/Core/Src/nrf24l01.c.obj
                0x08000a74                NRF24_FlushTX
 .text.NRF24_FlushRX
                0x08000a90       0x1c CMakeFiles/Receiver.elf.dir/Core/Src/nrf24l01.c.obj
                0x08000a90                NRF24_FlushRX
 .text.NRF24_RX_Mode
                0x08000aac       0x30 CMakeFiles/Receiver.elf.dir/Core/Src/nrf24l01.c.obj
                0x08000aac                NRF24_RX_Mode
 .text.NRF24_Init
                0x08000adc       0xa8 CMakeFiles/Receiver.elf.dir/Core/Src/nrf24l01.c.obj
                0x08000adc                NRF24_Init
 .text.NRF24_Receive
                0x08000b84       0x38 CMakeFiles/Receiver.elf.dir/Core/Src/nrf24l01.c.obj
                0x08000b84                NRF24_Receive
 .text.NRF24_EXTI_Receive
                0x08000bbc       0x80 CMakeFiles/Receiver.elf.dir/Core/Src/nrf24l01.c.obj
                0x08000bbc                NRF24_EXTI_Receive
 .text.EXTI2_IRQHandler
                0x08000c3c       0x20 CMakeFiles/Receiver.elf.dir/Core/Src/nrf24l01.c.obj
                0x08000c3c                EXTI2_IRQHandler
 .text.DecodePacketFromBytes
                0x08000c5c       0x48 CMakeFiles/Receiver.elf.dir/Core/Src/packet-manager.c.obj
                0x08000c5c                DecodePacketFromBytes
 .text.ManageReceivedPacket
                0x08000ca4       0x24 CMakeFiles/Receiver.elf.dir/Core/Src/packet-manager.c.obj
                0x08000ca4                ManageReceivedPacket
 .text.NMI_Handler
                0x08000cc8        0x2 CMakeFiles/Receiver.elf.dir/Core/Src/stm32f1xx_it.c.obj
                0x08000cc8                NMI_Handler
 .text.HardFault_Handler
                0x08000cca        0x2 CMakeFiles/Receiver.elf.dir/Core/Src/stm32f1xx_it.c.obj
                0x08000cca                HardFault_Handler
 .text.MemManage_Handler
                0x08000ccc        0x2 CMakeFiles/Receiver.elf.dir/Core/Src/stm32f1xx_it.c.obj
                0x08000ccc                MemManage_Handler
 .text.BusFault_Handler
                0x08000cce        0x2 CMakeFiles/Receiver.elf.dir/Core/Src/stm32f1xx_it.c.obj
                0x08000cce                BusFault_Handler
 .text.UsageFault_Handler
                0x08000cd0        0x2 CMakeFiles/Receiver.elf.dir/Core/Src/stm32f1xx_it.c.obj
                0x08000cd0                UsageFault_Handler
 .text.SVC_Handler
                0x08000cd2        0x2 CMakeFiles/Receiver.elf.dir/Core/Src/stm32f1xx_it.c.obj
                0x08000cd2                SVC_Handler
 .text.DebugMon_Handler
                0x08000cd4        0x2 CMakeFiles/Receiver.elf.dir/Core/Src/stm32f1xx_it.c.obj
                0x08000cd4                DebugMon_Handler
 .text.PendSV_Handler
                0x08000cd6        0x2 CMakeFiles/Receiver.elf.dir/Core/Src/stm32f1xx_it.c.obj
                0x08000cd6                PendSV_Handler
 .text.SysTick_Handler
                0x08000cd8        0x2 CMakeFiles/Receiver.elf.dir/Core/Src/stm32f1xx_it.c.obj
                0x08000cd8                SysTick_Handler
 .text.SystemInit
                0x08000cda        0x2 CMakeFiles/Receiver.elf.dir/Core/Src/system_stm32f1xx.c.obj
                0x08000cda                SystemInit
 .text.SetPixelLevel
                0x08000cdc       0x3c CMakeFiles/Receiver.elf.dir/Core/Src/turn-indicators.c.obj
 .text.SwitchOffSide
                0x08000d18       0x5c CMakeFiles/Receiver.elf.dir/Core/Src/turn-indicators.c.obj
 .text.SetLevel
                0x08000d74       0x48 CMakeFiles/Receiver.elf.dir/Core/Src/turn-indicators.c.obj
 .text.ManageSignals
                0x08000dbc       0xc4 CMakeFiles/Receiver.elf.dir/Core/Src/turn-indicators.c.obj
 .text.SetIndicators
                0x08000e80       0x48 CMakeFiles/Receiver.elf.dir/Core/Src/turn-indicators.c.obj
                0x08000e80                SetIndicators
 .text.SetBreakLights
                0x08000ec8       0x2e CMakeFiles/Receiver.elf.dir/Core/Src/turn-indicators.c.obj
                0x08000ec8                SetBreakLights
 *fill*         0x08000ef6        0x2 
 .text.SignalsInit
                0x08000ef8       0x20 CMakeFiles/Receiver.elf.dir/Core/Src/turn-indicators.c.obj
                0x08000ef8                SignalsInit
 .text.TIM4_IRQHandler
                0x08000f18       0x14 CMakeFiles/Receiver.elf.dir/Core/Src/turn-indicators.c.obj
                0x08000f18                TIM4_IRQHandler
 .text.PrintByte
                0x08000f2c       0x14 CMakeFiles/Receiver.elf.dir/Core/Src/usart.c.obj
                0x08000f2c                PrintByte
 .text.PrintPhrase
                0x08000f40       0x1c CMakeFiles/Receiver.elf.dir/Core/Src/usart.c.obj
                0x08000f40                PrintPhrase
 .text.PrintLn  0x08000f5c       0x14 CMakeFiles/Receiver.elf.dir/Core/Src/usart.c.obj
                0x08000f5c                PrintLn
 .text.UserLoop
                0x08000f70        0x2 CMakeFiles/Receiver.elf.dir/Core/Src/user-main.c.obj
                0x08000f70                UserLoop
 *fill*         0x08000f72        0x2 
 .text.Boot     0x08000f74       0xb4 CMakeFiles/Receiver.elf.dir/Core/Src/user-main.c.obj
                0x08000f74                Boot
 .text.IWDGWorkSetup
                0x08001028       0x30 CMakeFiles/Receiver.elf.dir/Core/Src/user-main.c.obj
                0x08001028                IWDGWorkSetup
 .text.UserSetup
                0x08001058       0x2c CMakeFiles/Receiver.elf.dir/Core/Src/user-main.c.obj
                0x08001058                UserSetup
 .text.VESC_SetPPM
                0x08001084        0xa CMakeFiles/Receiver.elf.dir/Core/Src/vesc.c.obj
                0x08001084                VESC_SetPPM
 .text.VESC_Init
                0x0800108e       0x1e CMakeFiles/Receiver.elf.dir/Core/Src/vesc.c.obj
                0x0800108e                VESC_Init
 .text.WS2812_setPixel
                0x080010ac       0x7c CMakeFiles/Receiver.elf.dir/Core/Src/ws2812.c.obj
                0x080010ac                WS2812_setPixel
 .text.WS2812_refresh
                0x08001128       0x2c CMakeFiles/Receiver.elf.dir/Core/Src/ws2812.c.obj
                0x08001128                WS2812_refresh
 .text.WS2812_init
                0x08001154       0xa0 CMakeFiles/Receiver.elf.dir/Core/Src/ws2812.c.obj
                0x08001154                WS2812_init
 .text.DMA1_Channel3_IRQHandler
                0x080011f4       0x30 CMakeFiles/Receiver.elf.dir/Core/Src/ws2812.c.obj
                0x080011f4                DMA1_Channel3_IRQHandler
 .text.Reset_Handler
                0x08001224       0x48 CMakeFiles/Receiver.elf.dir/Core/Startup/startup_stm32f103c8tx.s.obj
                0x08001224                Reset_Handler
 .text.Default_Handler
                0x0800126c        0x2 CMakeFiles/Receiver.elf.dir/Core/Startup/startup_stm32f103c8tx.s.obj
                0x0800126c                RTC_Alarm_IRQHandler
                0x0800126c                TIM1_CC_IRQHandler
                0x0800126c                PVD_IRQHandler
                0x0800126c                EXTI3_IRQHandler
                0x0800126c                EXTI0_IRQHandler
                0x0800126c                I2C2_EV_IRQHandler
                0x0800126c                ADC1_2_IRQHandler
                0x0800126c                SPI1_IRQHandler
                0x0800126c                TAMPER_IRQHandler
                0x0800126c                DMA1_Channel4_IRQHandler
                0x0800126c                USART3_IRQHandler
                0x0800126c                RTC_IRQHandler
                0x0800126c                DMA1_Channel7_IRQHandler
                0x0800126c                CAN1_RX1_IRQHandler
                0x0800126c                I2C1_EV_IRQHandler
                0x0800126c                DMA1_Channel6_IRQHandler
                0x0800126c                TIM3_IRQHandler
                0x0800126c                RCC_IRQHandler
                0x0800126c                TIM1_TRG_COM_IRQHandler
                0x0800126c                DMA1_Channel1_IRQHandler
                0x0800126c                Default_Handler
                0x0800126c                EXTI15_10_IRQHandler
                0x0800126c                EXTI9_5_IRQHandler
                0x0800126c                SPI2_IRQHandler
                0x0800126c                DMA1_Channel5_IRQHandler
                0x0800126c                EXTI4_IRQHandler
                0x0800126c                USB_LP_CAN1_RX0_IRQHandler
                0x0800126c                USB_HP_CAN1_TX_IRQHandler
                0x0800126c                TIM1_UP_IRQHandler
                0x0800126c                WWDG_IRQHandler
                0x0800126c                TIM2_IRQHandler
                0x0800126c                TIM1_BRK_IRQHandler
                0x0800126c                EXTI1_IRQHandler
                0x0800126c                USART2_IRQHandler
                0x0800126c                I2C2_ER_IRQHandler
                0x0800126c                DMA1_Channel2_IRQHandler
                0x0800126c                CAN1_SCE_IRQHandler
                0x0800126c                FLASH_IRQHandler
                0x0800126c                USART1_IRQHandler
                0x0800126c                I2C1_ER_IRQHandler
                0x0800126c                USBWakeUp_IRQHandler
 *fill*         0x0800126e        0x2 
 .text.LL_EXTI_Init
                0x08001270       0xd4 CMakeFiles/Receiver.elf.dir/Drivers/STM32F1xx_HAL_Driver/Src/stm32f1xx_ll_exti.c.obj
                0x08001270                LL_EXTI_Init
 .text.LL_GPIO_Init
                0x08001344       0xfa CMakeFiles/Receiver.elf.dir/Drivers/STM32F1xx_HAL_Driver/Src/stm32f1xx_ll_gpio.c.obj
                0x08001344                LL_GPIO_Init
 *fill*         0x0800143e        0x2 
 .text.RCC_GetHCLKClockFreq
                0x08001440       0x18 CMakeFiles/Receiver.elf.dir/Drivers/STM32F1xx_HAL_Driver/Src/stm32f1xx_ll_rcc.c.obj
                0x08001440                RCC_GetHCLKClockFreq
 .text.RCC_GetPCLK1ClockFreq
                0x08001458       0x18 CMakeFiles/Receiver.elf.dir/Drivers/STM32F1xx_HAL_Driver/Src/stm32f1xx_ll_rcc.c.obj
                0x08001458                RCC_GetPCLK1ClockFreq
 .text.RCC_GetPCLK2ClockFreq
                0x08001470       0x18 CMakeFiles/Receiver.elf.dir/Drivers/STM32F1xx_HAL_Driver/Src/stm32f1xx_ll_rcc.c.obj
                0x08001470                RCC_GetPCLK2ClockFreq
 .text.RCC_PLL_GetFreqDomain_SYS
                0x08001488       0x3c CMakeFiles/Receiver.elf.dir/Drivers/STM32F1xx_HAL_Driver/Src/stm32f1xx_ll_rcc.c.obj
                0x08001488                RCC_PLL_GetFreqDomain_SYS
 .text.RCC_GetSystemClockFreq
                0x080014c4       0x20 CMakeFiles/Receiver.elf.dir/Drivers/STM32F1xx_HAL_Driver/Src/stm32f1xx_ll_rcc.c.obj
                0x080014c4                RCC_GetSystemClockFreq
 .text.LL_RCC_GetSystemClocksFreq
                0x080014e4       0x20 CMakeFiles/Receiver.elf.dir/Drivers/STM32F1xx_HAL_Driver/Src/stm32f1xx_ll_rcc.c.obj
                0x080014e4                LL_RCC_GetSystemClocksFreq
 .text.LL_SPI_Init
                0x08001504       0x60 CMakeFiles/Receiver.elf.dir/Drivers/STM32F1xx_HAL_Driver/Src/stm32f1xx_ll_spi.c.obj
                0x08001504                LL_SPI_Init
 .text.OC1Config
                0x08001564       0x6c CMakeFiles/Receiver.elf.dir/Drivers/STM32F1xx_HAL_Driver/Src/stm32f1xx_ll_tim.c.obj
 .text.OC2Config
                0x080015d0       0x74 CMakeFiles/Receiver.elf.dir/Drivers/STM32F1xx_HAL_Driver/Src/stm32f1xx_ll_tim.c.obj
 .text.OC3Config
                0x08001644       0x70 CMakeFiles/Receiver.elf.dir/Drivers/STM32F1xx_HAL_Driver/Src/stm32f1xx_ll_tim.c.obj
 .text.OC4Config
                0x080016b4       0x54 CMakeFiles/Receiver.elf.dir/Drivers/STM32F1xx_HAL_Driver/Src/stm32f1xx_ll_tim.c.obj
 .text.LL_TIM_Init
                0x08001708       0x70 CMakeFiles/Receiver.elf.dir/Drivers/STM32F1xx_HAL_Driver/Src/stm32f1xx_ll_tim.c.obj
                0x08001708                LL_TIM_Init
 .text.LL_TIM_OC_Init
                0x08001778       0x3c CMakeFiles/Receiver.elf.dir/Drivers/STM32F1xx_HAL_Driver/Src/stm32f1xx_ll_tim.c.obj
                0x08001778                LL_TIM_OC_Init
 .text.LL_USART_Init
                0x080017b4       0xcc CMakeFiles/Receiver.elf.dir/Drivers/STM32F1xx_HAL_Driver/Src/stm32f1xx_ll_usart.c.obj
                0x080017b4                LL_USART_Init
 .text.LL_Init1msTick
                0x08001880       0x20 CMakeFiles/Receiver.elf.dir/Drivers/STM32F1xx_HAL_Driver/Src/stm32f1xx_ll_utils.c.obj
                0x08001880                LL_Init1msTick
 .text.LL_mDelay
                0x080018a0       0x2a CMakeFiles/Receiver.elf.dir/Drivers/STM32F1xx_HAL_Driver/Src/stm32f1xx_ll_utils.c.obj
                0x080018a0                LL_mDelay
 *fill*         0x080018ca        0x2 
 .text.LL_SetSystemCoreClock
                0x080018cc        0xc CMakeFiles/Receiver.elf.dir/Drivers/STM32F1xx_HAL_Driver/Src/stm32f1xx_ll_utils.c.obj
                0x080018cc                LL_SetSystemCoreClock
 .text.__libc_init_array
                0x080018d8       0x48 c:/progra~2/gnuarm~1/102020~1/bin/../lib/gcc/arm-none-eabi/10.2.1/../../../../arm-none-eabi/lib/thumb/v7-m/nofp\libc.a(lib_a-init.o)
                0x080018d8                __libc_init_array
 .text.memset   0x08001920       0xa4 c:/progra~2/gnuarm~1/102020~1/bin/../lib/gcc/arm-none-eabi/10.2.1/../../../../arm-none-eabi/lib/thumb/v7-m/nofp\libc.a(lib_a-memset.o)
                0x08001920                memset
 .text.strlen   0x080019c4       0x5c c:/progra~2/gnuarm~1/102020~1/bin/../lib/gcc/arm-none-eabi/10.2.1/../../../../arm-none-eabi/lib/thumb/v7-m/nofp\libc.a(lib_a-strlen-stub.o)
                0x080019c4                strlen
 .text.startup.register_fini
                0x08001a20       0x14 c:/progra~2/gnuarm~1/102020~1/bin/../lib/gcc/arm-none-eabi/10.2.1/../../../../arm-none-eabi/lib/thumb/v7-m/nofp\libc.a(lib_a-__call_atexit.o)
 .text.atexit   0x08001a34        0xc c:/progra~2/gnuarm~1/102020~1/bin/../lib/gcc/arm-none-eabi/10.2.1/../../../../arm-none-eabi/lib/thumb/v7-m/nofp\libc.a(lib_a-atexit.o)
                0x08001a34                atexit
 .text.__libc_fini_array
                0x08001a40       0x2c c:/progra~2/gnuarm~1/102020~1/bin/../lib/gcc/arm-none-eabi/10.2.1/../../../../arm-none-eabi/lib/thumb/v7-m/nofp\libc.a(lib_a-fini.o)
                0x08001a40                __libc_fini_array
 .text.__retarget_lock_acquire_recursive
                0x08001a6c        0x4 c:/progra~2/gnuarm~1/102020~1/bin/../lib/gcc/arm-none-eabi/10.2.1/../../../../arm-none-eabi/lib/thumb/v7-m/nofp\libc.a(lib_a-lock.o)
                0x08001a6c                __retarget_lock_acquire_recursive
 .text.__retarget_lock_release_recursive
                0x08001a70        0x4 c:/progra~2/gnuarm~1/102020~1/bin/../lib/gcc/arm-none-eabi/10.2.1/../../../../arm-none-eabi/lib/thumb/v7-m/nofp\libc.a(lib_a-lock.o)
                0x08001a70                __retarget_lock_release_recursive
 .text.__register_exitproc
                0x08001a74       0x8c c:/progra~2/gnuarm~1/102020~1/bin/../lib/gcc/arm-none-eabi/10.2.1/../../../../arm-none-eabi/lib/thumb/v7-m/nofp\libc.a(lib_a-__atexit.o)
                0x08001a74                __register_exitproc
 *(.glue_7)
 .glue_7        0x08001b00        0x0 linker stubs
 *(.glue_7t)
 .glue_7t       0x08001b00        0x0 linker stubs
 *(.eh_frame)
 .eh_frame      0x08001b00        0x0 c:/progra~2/gnuarm~1/102020~1/bin/../lib/gcc/arm-none-eabi/10.2.1/thumb/v7-m/nofp/crtbegin.o
 *(.init)
 .init          0x08001b00        0x4 c:/progra~2/gnuarm~1/102020~1/bin/../lib/gcc/arm-none-eabi/10.2.1/thumb/v7-m/nofp/crti.o
                0x08001b00                _init
 .init          0x08001b04        0x8 c:/progra~2/gnuarm~1/102020~1/bin/../lib/gcc/arm-none-eabi/10.2.1/thumb/v7-m/nofp/crtn.o
 *(.fini)
 .fini          0x08001b0c        0x4 c:/progra~2/gnuarm~1/102020~1/bin/../lib/gcc/arm-none-eabi/10.2.1/thumb/v7-m/nofp/crti.o
                0x08001b0c                _fini
 .fini          0x08001b10        0x8 c:/progra~2/gnuarm~1/102020~1/bin/../lib/gcc/arm-none-eabi/10.2.1/thumb/v7-m/nofp/crtn.o
                0x08001b18                . = ALIGN (0x4)
                0x08001b18                _etext = .

.vfp11_veneer   0x08001b18        0x0
 .vfp11_veneer  0x08001b18        0x0 linker stubs

.v4_bx          0x08001b18        0x0
 .v4_bx         0x08001b18        0x0 linker stubs

.iplt           0x08001b18        0x0
 .iplt          0x08001b18        0x0 c:/progra~2/gnuarm~1/102020~1/bin/../lib/gcc/arm-none-eabi/10.2.1/thumb/v7-m/nofp/crtbegin.o

.rodata         0x08001b18       0x38
                0x08001b18                . = ALIGN (0x4)
 *(.rodata)
 .rodata        0x08001b18        0x3 CMakeFiles/Receiver.elf.dir/Core/Src/nrf24l01.c.obj
 *fill*         0x08001b1b        0x1 
 .rodata        0x08001b1c        0x3 CMakeFiles/Receiver.elf.dir/Core/Src/user-main.c.obj
 *(.rodata*)
 *fill*         0x08001b1f        0x1 
 .rodata.AHBPrescTable
                0x08001b20       0x10 CMakeFiles/Receiver.elf.dir/Core/Src/system_stm32f1xx.c.obj
                0x08001b20                AHBPrescTable
 .rodata.APBPrescTable
                0x08001b30        0x8 CMakeFiles/Receiver.elf.dir/Core/Src/system_stm32f1xx.c.obj
                0x08001b30                APBPrescTable
 .rodata.Boot.str1.4
                0x08001b38       0x13 CMakeFiles/Receiver.elf.dir/Core/Src/user-main.c.obj
 *fill*         0x08001b4b        0x1 
 .rodata._global_impure_ptr
                0x08001b4c        0x4 c:/progra~2/gnuarm~1/102020~1/bin/../lib/gcc/arm-none-eabi/10.2.1/../../../../arm-none-eabi/lib/thumb/v7-m/nofp\libc.a(lib_a-impure.o)
                0x08001b4c                _global_impure_ptr
                0x08001b50                . = ALIGN (0x4)

.rel.dyn        0x08001b50        0x0
 .rel.iplt      0x08001b50        0x0 c:/progra~2/gnuarm~1/102020~1/bin/../lib/gcc/arm-none-eabi/10.2.1/thumb/v7-m/nofp/crtbegin.o

.ARM.extab      0x08001b50        0x0
                0x08001b50                . = ALIGN (0x4)
 *(.ARM.extab* .gnu.linkonce.armextab.*)
                0x08001b50                . = ALIGN (0x4)

.ARM            0x08001b50        0x0
                0x08001b50                . = ALIGN (0x4)
                0x08001b50                __exidx_start = .
 *(.ARM.exidx*)
                0x08001b50                __exidx_end = .
                0x08001b50                . = ALIGN (0x4)

.preinit_array  0x08001b50        0x0
                0x08001b50                . = ALIGN (0x4)
                0x08001b50                PROVIDE (__preinit_array_start = .)
 *(.preinit_array*)
                0x08001b50                PROVIDE (__preinit_array_end = .)
                0x08001b50                . = ALIGN (0x4)

.init_array     0x08001b50        0x8
                0x08001b50                . = ALIGN (0x4)
                0x08001b50                PROVIDE (__init_array_start = .)
 *(SORT_BY_NAME(.init_array.*))
 .init_array.00000
                0x08001b50        0x4 c:/progra~2/gnuarm~1/102020~1/bin/../lib/gcc/arm-none-eabi/10.2.1/../../../../arm-none-eabi/lib/thumb/v7-m/nofp\libc.a(lib_a-__call_atexit.o)
 *(.init_array*)
 .init_array    0x08001b54        0x4 c:/progra~2/gnuarm~1/102020~1/bin/../lib/gcc/arm-none-eabi/10.2.1/thumb/v7-m/nofp/crtbegin.o
                0x08001b58                PROVIDE (__init_array_end = .)
                0x08001b58                . = ALIGN (0x4)

.fini_array     0x08001b58        0x4
                0x08001b58                . = ALIGN (0x4)
                0x08001b58                PROVIDE (__fini_array_start = .)
 *(SORT_BY_NAME(.fini_array.*))
 *(.fini_array*)
 .fini_array    0x08001b58        0x4 c:/progra~2/gnuarm~1/102020~1/bin/../lib/gcc/arm-none-eabi/10.2.1/thumb/v7-m/nofp/crtbegin.o
                0x08001b5c                PROVIDE (__fini_array_end = .)
                0x08001b5c                . = ALIGN (0x4)
                0x08001b5c                _sidata = LOADADDR (.data)

.data           0x20000000      0x444 load address 0x08001b5c
                0x20000000                . = ALIGN (0x4)
                0x20000000                _sdata = .
 *(.data)
 *(.data*)
 .data.txAddress
                0x20000000        0x3 CMakeFiles/Receiver.elf.dir/Core/Src/nrf24l01.c.obj
                0x20000000                txAddress
 *fill*         0x20000003        0x1 
 .data.SystemCoreClock
                0x20000004        0x4 CMakeFiles/Receiver.elf.dir/Core/Src/system_stm32f1xx.c.obj
                0x20000004                SystemCoreClock
 .data.state    0x20000008       0x10 CMakeFiles/Receiver.elf.dir/Core/Src/turn-indicators.c.obj
 .data.impure_data
                0x20000018      0x428 c:/progra~2/gnuarm~1/102020~1/bin/../lib/gcc/arm-none-eabi/10.2.1/../../../../arm-none-eabi/lib/thumb/v7-m/nofp\libc.a(lib_a-impure.o)
 .data.__atexit_recursive_mutex
                0x20000440        0x4 c:/progra~2/gnuarm~1/102020~1/bin/../lib/gcc/arm-none-eabi/10.2.1/../../../../arm-none-eabi/lib/thumb/v7-m/nofp\libc.a(lib_a-__call_atexit.o)
                0x20000440                __atexit_recursive_mutex
                0x20000444                . = ALIGN (0x4)
                0x20000444                _edata = .

.igot.plt       0x20000444        0x0 load address 0x08001fa0
 .igot.plt      0x20000444        0x0 c:/progra~2/gnuarm~1/102020~1/bin/../lib/gcc/arm-none-eabi/10.2.1/thumb/v7-m/nofp/crtbegin.o
                0x20000444                . = ALIGN (0x4)

.bss            0x20000444      0x4fc load address 0x08001fa0
                0x20000444                _sbss = .
                0x20000444                __bss_start__ = _sbss
 *(.bss)
 .bss           0x20000444       0x1c c:/progra~2/gnuarm~1/102020~1/bin/../lib/gcc/arm-none-eabi/10.2.1/thumb/v7-m/nofp/crtbegin.o
 *(.bss*)
 .bss.matrixArray
                0x20000460      0x4da CMakeFiles/Receiver.elf.dir/Core/Src/ws2812.c.obj
 *fill*         0x2000093a        0x2 
 .bss.__lock___atexit_recursive_mutex
                0x2000093c        0x1 c:/progra~2/gnuarm~1/102020~1/bin/../lib/gcc/arm-none-eabi/10.2.1/../../../../arm-none-eabi/lib/thumb/v7-m/nofp\libc.a(lib_a-lock.o)
                0x2000093c                __lock___atexit_recursive_mutex
 *(COMMON)
                0x20000940                . = ALIGN (0x4)
 *fill*         0x2000093d        0x3 
                0x20000940                _ebss = .
                0x20000940                __bss_end__ = _ebss

._user_heap_stack
                0x20000940      0x600 load address 0x08001fa0
                0x20000940                . = ALIGN (0x8)
                [!provide]                PROVIDE (end = .)
                0x20000940                PROVIDE (_end = .)
                0x20000b40                . = (. + _Min_Heap_Size)
 *fill*         0x20000940      0x200 
                0x20000f40                . = (. + _Min_Stack_Size)
 *fill*         0x20000b40      0x400 
                0x20000f40                . = ALIGN (0x8)

/DISCARD/
 libc.a(*)
 libm.a(*)
 libgcc.a(*)

.ARM.attributes
                0x00000000       0x29
 *(.ARM.attributes)
 .ARM.attributes
                0x00000000       0x1d c:/progra~2/gnuarm~1/102020~1/bin/../lib/gcc/arm-none-eabi/10.2.1/thumb/v7-m/nofp/crti.o
 .ARM.attributes
                0x0000001d       0x2d c:/progra~2/gnuarm~1/102020~1/bin/../lib/gcc/arm-none-eabi/10.2.1/thumb/v7-m/nofp/crtbegin.o
 .ARM.attributes
                0x0000004a       0x2d CMakeFiles/Receiver.elf.dir/Core/Src/main.c.obj
 .ARM.attributes
                0x00000077       0x2d CMakeFiles/Receiver.elf.dir/Core/Src/nrf24l01.c.obj
 .ARM.attributes
                0x000000a4       0x2d CMakeFiles/Receiver.elf.dir/Core/Src/packet-manager.c.obj
 .ARM.attributes
                0x000000d1       0x2d CMakeFiles/Receiver.elf.dir/Core/Src/stm32f1xx_it.c.obj
 .ARM.attributes
                0x000000fe       0x2d CMakeFiles/Receiver.elf.dir/Core/Src/system_stm32f1xx.c.obj
 .ARM.attributes
                0x0000012b       0x2d CMakeFiles/Receiver.elf.dir/Core/Src/turn-indicators.c.obj
 .ARM.attributes
                0x00000158       0x2d CMakeFiles/Receiver.elf.dir/Core/Src/usart.c.obj
 .ARM.attributes
                0x00000185       0x2d CMakeFiles/Receiver.elf.dir/Core/Src/user-main.c.obj
 .ARM.attributes
                0x000001b2       0x2d CMakeFiles/Receiver.elf.dir/Core/Src/vesc.c.obj
 .ARM.attributes
                0x000001df       0x2d CMakeFiles/Receiver.elf.dir/Core/Src/ws2812.c.obj
 .ARM.attributes
                0x0000020c       0x21 CMakeFiles/Receiver.elf.dir/Core/Startup/startup_stm32f103c8tx.s.obj
 .ARM.attributes
                0x0000022d       0x2d CMakeFiles/Receiver.elf.dir/Drivers/STM32F1xx_HAL_Driver/Src/stm32f1xx_ll_exti.c.obj
 .ARM.attributes
                0x0000025a       0x2d CMakeFiles/Receiver.elf.dir/Drivers/STM32F1xx_HAL_Driver/Src/stm32f1xx_ll_gpio.c.obj
 .ARM.attributes
                0x00000287       0x2d CMakeFiles/Receiver.elf.dir/Drivers/STM32F1xx_HAL_Driver/Src/stm32f1xx_ll_rcc.c.obj
 .ARM.attributes
                0x000002b4       0x2d CMakeFiles/Receiver.elf.dir/Drivers/STM32F1xx_HAL_Driver/Src/stm32f1xx_ll_spi.c.obj
 .ARM.attributes
                0x000002e1       0x2d CMakeFiles/Receiver.elf.dir/Drivers/STM32F1xx_HAL_Driver/Src/stm32f1xx_ll_tim.c.obj
 .ARM.attributes
                0x0000030e       0x2d CMakeFiles/Receiver.elf.dir/Drivers/STM32F1xx_HAL_Driver/Src/stm32f1xx_ll_usart.c.obj
 .ARM.attributes
                0x0000033b       0x2d CMakeFiles/Receiver.elf.dir/Drivers/STM32F1xx_HAL_Driver/Src/stm32f1xx_ll_utils.c.obj
 .ARM.attributes
                0x00000368       0x2d c:/progra~2/gnuarm~1/102020~1/bin/../lib/gcc/arm-none-eabi/10.2.1/../../../../arm-none-eabi/lib/thumb/v7-m/nofp\libc.a(lib_a-impure.o)
 .ARM.attributes
                0x00000395       0x2d c:/progra~2/gnuarm~1/102020~1/bin/../lib/gcc/arm-none-eabi/10.2.1/../../../../arm-none-eabi/lib/thumb/v7-m/nofp\libc.a(lib_a-init.o)
 .ARM.attributes
                0x000003c2       0x2d c:/progra~2/gnuarm~1/102020~1/bin/../lib/gcc/arm-none-eabi/10.2.1/../../../../arm-none-eabi/lib/thumb/v7-m/nofp\libc.a(lib_a-memset.o)
 .ARM.attributes
                0x000003ef       0x2d c:/progra~2/gnuarm~1/102020~1/bin/../lib/gcc/arm-none-eabi/10.2.1/../../../../arm-none-eabi/lib/thumb/v7-m/nofp\libc.a(lib_a-strlen-stub.o)
 .ARM.attributes
                0x0000041c       0x2d c:/progra~2/gnuarm~1/102020~1/bin/../lib/gcc/arm-none-eabi/10.2.1/../../../../arm-none-eabi/lib/thumb/v7-m/nofp\libc.a(lib_a-__call_atexit.o)
 .ARM.attributes
                0x00000449       0x2d c:/progra~2/gnuarm~1/102020~1/bin/../lib/gcc/arm-none-eabi/10.2.1/../../../../arm-none-eabi/lib/thumb/v7-m/nofp\libc.a(lib_a-atexit.o)
 .ARM.attributes
                0x00000476       0x2d c:/progra~2/gnuarm~1/102020~1/bin/../lib/gcc/arm-none-eabi/10.2.1/../../../../arm-none-eabi/lib/thumb/v7-m/nofp\libc.a(lib_a-fini.o)
 .ARM.attributes
                0x000004a3       0x2d c:/progra~2/gnuarm~1/102020~1/bin/../lib/gcc/arm-none-eabi/10.2.1/../../../../arm-none-eabi/lib/thumb/v7-m/nofp\libc.a(lib_a-lock.o)
 .ARM.attributes
                0x000004d0       0x2d c:/progra~2/gnuarm~1/102020~1/bin/../lib/gcc/arm-none-eabi/10.2.1/../../../../arm-none-eabi/lib/thumb/v7-m/nofp\libc.a(lib_a-__atexit.o)
 .ARM.attributes
                0x000004fd       0x1d c:/progra~2/gnuarm~1/102020~1/bin/../lib/gcc/arm-none-eabi/10.2.1/thumb/v7-m/nofp/crtn.o
OUTPUT(Receiver.elf elf32-littlearm)
LOAD linker stubs
LOAD c:/progra~2/gnuarm~1/102020~1/bin/../lib/gcc/arm-none-eabi/10.2.1/../../../../arm-none-eabi/lib/thumb/v7-m/nofp\libc.a
LOAD c:/progra~2/gnuarm~1/102020~1/bin/../lib/gcc/arm-none-eabi/10.2.1/../../../../arm-none-eabi/lib/thumb/v7-m/nofp\libm.a
LOAD c:/progra~2/gnuarm~1/102020~1/bin/../lib/gcc/arm-none-eabi/10.2.1/thumb/v7-m/nofp\libgcc.a

.debug_info     0x00000000     0xb0fd
 .debug_info    0x00000000     0x283c CMakeFiles/Receiver.elf.dir/Core/Src/main.c.obj
 .debug_info    0x0000283c     0x14da CMakeFiles/Receiver.elf.dir/Core/Src/nrf24l01.c.obj
 .debug_info    0x00003d16      0x3f3 CMakeFiles/Receiver.elf.dir/Core/Src/packet-manager.c.obj
 .debug_info    0x00004109      0x1b8 CMakeFiles/Receiver.elf.dir/Core/Src/stm32f1xx_it.c.obj
 .debug_info    0x000042c1      0x241 CMakeFiles/Receiver.elf.dir/Core/Src/system_stm32f1xx.c.obj
 .debug_info    0x00004502      0x79c CMakeFiles/Receiver.elf.dir/Core/Src/turn-indicators.c.obj
 .debug_info    0x00004c9e      0xbd7 CMakeFiles/Receiver.elf.dir/Core/Src/usart.c.obj
 .debug_info    0x00005875      0xb91 CMakeFiles/Receiver.elf.dir/Core/Src/user-main.c.obj
 .debug_info    0x00006406      0x3d4 CMakeFiles/Receiver.elf.dir/Core/Src/vesc.c.obj
 .debug_info    0x000067da      0xabf CMakeFiles/Receiver.elf.dir/Core/Src/ws2812.c.obj
 .debug_info    0x00007299       0x22 CMakeFiles/Receiver.elf.dir/Core/Startup/startup_stm32f103c8tx.s.obj
 .debug_info    0x000072bb      0x51a CMakeFiles/Receiver.elf.dir/Drivers/STM32F1xx_HAL_Driver/Src/stm32f1xx_ll_exti.c.obj
 .debug_info    0x000077d5      0x8ac CMakeFiles/Receiver.elf.dir/Drivers/STM32F1xx_HAL_Driver/Src/stm32f1xx_ll_gpio.c.obj
 .debug_info    0x00008081      0x77e CMakeFiles/Receiver.elf.dir/Drivers/STM32F1xx_HAL_Driver/Src/stm32f1xx_ll_rcc.c.obj
 .debug_info    0x000087ff      0x4ee CMakeFiles/Receiver.elf.dir/Drivers/STM32F1xx_HAL_Driver/Src/stm32f1xx_ll_spi.c.obj
 .debug_info    0x00008ced     0x11e8 CMakeFiles/Receiver.elf.dir/Drivers/STM32F1xx_HAL_Driver/Src/stm32f1xx_ll_tim.c.obj
 .debug_info    0x00009ed5      0x79d CMakeFiles/Receiver.elf.dir/Drivers/STM32F1xx_HAL_Driver/Src/stm32f1xx_ll_usart.c.obj
 .debug_info    0x0000a672      0xa8b CMakeFiles/Receiver.elf.dir/Drivers/STM32F1xx_HAL_Driver/Src/stm32f1xx_ll_utils.c.obj

.debug_abbrev   0x00000000     0x25ec
 .debug_abbrev  0x00000000      0x3e6 CMakeFiles/Receiver.elf.dir/Core/Src/main.c.obj
 .debug_abbrev  0x000003e6      0x390 CMakeFiles/Receiver.elf.dir/Core/Src/nrf24l01.c.obj
 .debug_abbrev  0x00000776      0x17b CMakeFiles/Receiver.elf.dir/Core/Src/packet-manager.c.obj
 .debug_abbrev  0x000008f1       0x7d CMakeFiles/Receiver.elf.dir/Core/Src/stm32f1xx_it.c.obj
 .debug_abbrev  0x0000096e      0x13e CMakeFiles/Receiver.elf.dir/Core/Src/system_stm32f1xx.c.obj
 .debug_abbrev  0x00000aac      0x237 CMakeFiles/Receiver.elf.dir/Core/Src/turn-indicators.c.obj
 .debug_abbrev  0x00000ce3      0x28d CMakeFiles/Receiver.elf.dir/Core/Src/usart.c.obj
 .debug_abbrev  0x00000f70      0x2c3 CMakeFiles/Receiver.elf.dir/Core/Src/user-main.c.obj
 .debug_abbrev  0x00001233      0x17b CMakeFiles/Receiver.elf.dir/Core/Src/vesc.c.obj
 .debug_abbrev  0x000013ae      0x1c6 CMakeFiles/Receiver.elf.dir/Core/Src/ws2812.c.obj
 .debug_abbrev  0x00001574       0x12 CMakeFiles/Receiver.elf.dir/Core/Startup/startup_stm32f103c8tx.s.obj
 .debug_abbrev  0x00001586      0x1d7 CMakeFiles/Receiver.elf.dir/Drivers/STM32F1xx_HAL_Driver/Src/stm32f1xx_ll_exti.c.obj
 .debug_abbrev  0x0000175d      0x24a CMakeFiles/Receiver.elf.dir/Drivers/STM32F1xx_HAL_Driver/Src/stm32f1xx_ll_gpio.c.obj
 .debug_abbrev  0x000019a7      0x295 CMakeFiles/Receiver.elf.dir/Drivers/STM32F1xx_HAL_Driver/Src/stm32f1xx_ll_rcc.c.obj
 .debug_abbrev  0x00001c3c      0x1cc CMakeFiles/Receiver.elf.dir/Drivers/STM32F1xx_HAL_Driver/Src/stm32f1xx_ll_spi.c.obj
 .debug_abbrev  0x00001e08      0x2a0 CMakeFiles/Receiver.elf.dir/Drivers/STM32F1xx_HAL_Driver/Src/stm32f1xx_ll_tim.c.obj
 .debug_abbrev  0x000020a8      0x289 CMakeFiles/Receiver.elf.dir/Drivers/STM32F1xx_HAL_Driver/Src/stm32f1xx_ll_usart.c.obj
 .debug_abbrev  0x00002331      0x2bb CMakeFiles/Receiver.elf.dir/Drivers/STM32F1xx_HAL_Driver/Src/stm32f1xx_ll_utils.c.obj

.debug_loc      0x00000000     0x4b9b
 .debug_loc     0x00000000      0xb01 CMakeFiles/Receiver.elf.dir/Core/Src/main.c.obj
 .debug_loc     0x00000b01      0xb10 CMakeFiles/Receiver.elf.dir/Core/Src/nrf24l01.c.obj
 .debug_loc     0x00001611      0x118 CMakeFiles/Receiver.elf.dir/Core/Src/packet-manager.c.obj
 .debug_loc     0x00001729       0xff CMakeFiles/Receiver.elf.dir/Core/Src/system_stm32f1xx.c.obj
 .debug_loc     0x00001828      0x2f4 CMakeFiles/Receiver.elf.dir/Core/Src/turn-indicators.c.obj
 .debug_loc     0x00001b1c      0x281 CMakeFiles/Receiver.elf.dir/Core/Src/usart.c.obj
 .debug_loc     0x00001d9d      0x1ce CMakeFiles/Receiver.elf.dir/Core/Src/user-main.c.obj
 .debug_loc     0x00001f6b       0xad CMakeFiles/Receiver.elf.dir/Core/Src/vesc.c.obj
 .debug_loc     0x00002018      0x3f4 CMakeFiles/Receiver.elf.dir/Core/Src/ws2812.c.obj
 .debug_loc     0x0000240c      0x2b3 CMakeFiles/Receiver.elf.dir/Drivers/STM32F1xx_HAL_Driver/Src/stm32f1xx_ll_exti.c.obj
 .debug_loc     0x000026bf      0x4b7 CMakeFiles/Receiver.elf.dir/Drivers/STM32F1xx_HAL_Driver/Src/stm32f1xx_ll_gpio.c.obj
 .debug_loc     0x00002b76      0x2d3 CMakeFiles/Receiver.elf.dir/Drivers/STM32F1xx_HAL_Driver/Src/stm32f1xx_ll_rcc.c.obj
 .debug_loc     0x00002e49      0x210 CMakeFiles/Receiver.elf.dir/Drivers/STM32F1xx_HAL_Driver/Src/stm32f1xx_ll_spi.c.obj
 .debug_loc     0x00003059     0x111f CMakeFiles/Receiver.elf.dir/Drivers/STM32F1xx_HAL_Driver/Src/stm32f1xx_ll_tim.c.obj
 .debug_loc     0x00004178      0x494 CMakeFiles/Receiver.elf.dir/Drivers/STM32F1xx_HAL_Driver/Src/stm32f1xx_ll_usart.c.obj
 .debug_loc     0x0000460c      0x58f CMakeFiles/Receiver.elf.dir/Drivers/STM32F1xx_HAL_Driver/Src/stm32f1xx_ll_utils.c.obj

.debug_aranges  0x00000000      0x5a8
 .debug_aranges
                0x00000000       0x78 CMakeFiles/Receiver.elf.dir/Core/Src/main.c.obj
 .debug_aranges
                0x00000078       0xa0 CMakeFiles/Receiver.elf.dir/Core/Src/nrf24l01.c.obj
 .debug_aranges
                0x00000118       0x50 CMakeFiles/Receiver.elf.dir/Core/Src/packet-manager.c.obj
 .debug_aranges
                0x00000168       0x60 CMakeFiles/Receiver.elf.dir/Core/Src/stm32f1xx_it.c.obj
 .debug_aranges
                0x000001c8       0x28 CMakeFiles/Receiver.elf.dir/Core/Src/system_stm32f1xx.c.obj
 .debug_aranges
                0x000001f0       0x58 CMakeFiles/Receiver.elf.dir/Core/Src/turn-indicators.c.obj
 .debug_aranges
                0x00000248       0x50 CMakeFiles/Receiver.elf.dir/Core/Src/usart.c.obj
 .debug_aranges
                0x00000298       0x38 CMakeFiles/Receiver.elf.dir/Core/Src/user-main.c.obj
 .debug_aranges
                0x000002d0       0x28 CMakeFiles/Receiver.elf.dir/Core/Src/vesc.c.obj
 .debug_aranges
                0x000002f8       0x38 CMakeFiles/Receiver.elf.dir/Core/Src/ws2812.c.obj
 .debug_aranges
                0x00000330       0x28 CMakeFiles/Receiver.elf.dir/Core/Startup/startup_stm32f103c8tx.s.obj
 .debug_aranges
                0x00000358       0x30 CMakeFiles/Receiver.elf.dir/Drivers/STM32F1xx_HAL_Driver/Src/stm32f1xx_ll_exti.c.obj
 .debug_aranges
                0x00000388       0x30 CMakeFiles/Receiver.elf.dir/Drivers/STM32F1xx_HAL_Driver/Src/stm32f1xx_ll_gpio.c.obj
 .debug_aranges
                0x000003b8       0x60 CMakeFiles/Receiver.elf.dir/Drivers/STM32F1xx_HAL_Driver/Src/stm32f1xx_ll_rcc.c.obj
 .debug_aranges
                0x00000418       0x30 CMakeFiles/Receiver.elf.dir/Drivers/STM32F1xx_HAL_Driver/Src/stm32f1xx_ll_spi.c.obj
 .debug_aranges
                0x00000448       0xc0 CMakeFiles/Receiver.elf.dir/Drivers/STM32F1xx_HAL_Driver/Src/stm32f1xx_ll_tim.c.obj
 .debug_aranges
                0x00000508       0x40 CMakeFiles/Receiver.elf.dir/Drivers/STM32F1xx_HAL_Driver/Src/stm32f1xx_ll_usart.c.obj
 .debug_aranges
                0x00000548       0x60 CMakeFiles/Receiver.elf.dir/Drivers/STM32F1xx_HAL_Driver/Src/stm32f1xx_ll_utils.c.obj

.debug_ranges   0x00000000      0x640
 .debug_ranges  0x00000000       0x68 CMakeFiles/Receiver.elf.dir/Core/Src/main.c.obj
 .debug_ranges  0x00000068       0x90 CMakeFiles/Receiver.elf.dir/Core/Src/nrf24l01.c.obj
 .debug_ranges  0x000000f8       0x40 CMakeFiles/Receiver.elf.dir/Core/Src/packet-manager.c.obj
 .debug_ranges  0x00000138       0x50 CMakeFiles/Receiver.elf.dir/Core/Src/stm32f1xx_it.c.obj
 .debug_ranges  0x00000188       0x18 CMakeFiles/Receiver.elf.dir/Core/Src/system_stm32f1xx.c.obj
 .debug_ranges  0x000001a0       0x60 CMakeFiles/Receiver.elf.dir/Core/Src/turn-indicators.c.obj
 .debug_ranges  0x00000200       0x40 CMakeFiles/Receiver.elf.dir/Core/Src/usart.c.obj
 .debug_ranges  0x00000240       0x28 CMakeFiles/Receiver.elf.dir/Core/Src/user-main.c.obj
 .debug_ranges  0x00000268       0x18 CMakeFiles/Receiver.elf.dir/Core/Src/vesc.c.obj
 .debug_ranges  0x00000280       0x28 CMakeFiles/Receiver.elf.dir/Core/Src/ws2812.c.obj
 .debug_ranges  0x000002a8       0x20 CMakeFiles/Receiver.elf.dir/Core/Startup/startup_stm32f103c8tx.s.obj
 .debug_ranges  0x000002c8       0x50 CMakeFiles/Receiver.elf.dir/Drivers/STM32F1xx_HAL_Driver/Src/stm32f1xx_ll_exti.c.obj
 .debug_ranges  0x00000318       0x98 CMakeFiles/Receiver.elf.dir/Drivers/STM32F1xx_HAL_Driver/Src/stm32f1xx_ll_gpio.c.obj
 .debug_ranges  0x000003b0       0x50 CMakeFiles/Receiver.elf.dir/Drivers/STM32F1xx_HAL_Driver/Src/stm32f1xx_ll_rcc.c.obj
 .debug_ranges  0x00000400       0x38 CMakeFiles/Receiver.elf.dir/Drivers/STM32F1xx_HAL_Driver/Src/stm32f1xx_ll_spi.c.obj
 .debug_ranges  0x00000438      0x110 CMakeFiles/Receiver.elf.dir/Drivers/STM32F1xx_HAL_Driver/Src/stm32f1xx_ll_tim.c.obj
 .debug_ranges  0x00000548       0xa8 CMakeFiles/Receiver.elf.dir/Drivers/STM32F1xx_HAL_Driver/Src/stm32f1xx_ll_usart.c.obj
 .debug_ranges  0x000005f0       0x50 CMakeFiles/Receiver.elf.dir/Drivers/STM32F1xx_HAL_Driver/Src/stm32f1xx_ll_utils.c.obj

.debug_line     0x00000000     0x5fb2
 .debug_line    0x00000000     0x102b CMakeFiles/Receiver.elf.dir/Core/Src/main.c.obj
 .debug_line    0x0000102b      0x975 CMakeFiles/Receiver.elf.dir/Core/Src/nrf24l01.c.obj
 .debug_line    0x000019a0      0x316 CMakeFiles/Receiver.elf.dir/Core/Src/packet-manager.c.obj
 .debug_line    0x00001cb6      0x24f CMakeFiles/Receiver.elf.dir/Core/Src/stm32f1xx_it.c.obj
 .debug_line    0x00001f05      0x230 CMakeFiles/Receiver.elf.dir/Core/Src/system_stm32f1xx.c.obj
 .debug_line    0x00002135      0x562 CMakeFiles/Receiver.elf.dir/Core/Src/turn-indicators.c.obj
 .debug_line    0x00002697      0x3ee CMakeFiles/Receiver.elf.dir/Core/Src/usart.c.obj
 .debug_line    0x00002a85      0x4bf CMakeFiles/Receiver.elf.dir/Core/Src/user-main.c.obj
 .debug_line    0x00002f44      0x1f0 CMakeFiles/Receiver.elf.dir/Core/Src/vesc.c.obj
 .debug_line    0x00003134      0x48f CMakeFiles/Receiver.elf.dir/Core/Src/ws2812.c.obj
 .debug_line    0x000035c3       0x99 CMakeFiles/Receiver.elf.dir/Core/Startup/startup_stm32f103c8tx.s.obj
 .debug_line    0x0000365c      0x3cd CMakeFiles/Receiver.elf.dir/Drivers/STM32F1xx_HAL_Driver/Src/stm32f1xx_ll_exti.c.obj
 .debug_line    0x00003a29      0x582 CMakeFiles/Receiver.elf.dir/Drivers/STM32F1xx_HAL_Driver/Src/stm32f1xx_ll_gpio.c.obj
 .debug_line    0x00003fab      0x5b1 CMakeFiles/Receiver.elf.dir/Drivers/STM32F1xx_HAL_Driver/Src/stm32f1xx_ll_rcc.c.obj
 .debug_line    0x0000455c      0x35d CMakeFiles/Receiver.elf.dir/Drivers/STM32F1xx_HAL_Driver/Src/stm32f1xx_ll_spi.c.obj
 .debug_line    0x000048b9      0xabd CMakeFiles/Receiver.elf.dir/Drivers/STM32F1xx_HAL_Driver/Src/stm32f1xx_ll_tim.c.obj
 .debug_line    0x00005376      0x4f3 CMakeFiles/Receiver.elf.dir/Drivers/STM32F1xx_HAL_Driver/Src/stm32f1xx_ll_usart.c.obj
 .debug_line    0x00005869      0x749 CMakeFiles/Receiver.elf.dir/Drivers/STM32F1xx_HAL_Driver/Src/stm32f1xx_ll_utils.c.obj

.debug_str      0x00000000     0x2ad3
 .debug_str     0x00000000      0xf50 CMakeFiles/Receiver.elf.dir/Core/Src/main.c.obj
                               0x1056 (size before relaxing)
 .debug_str     0x00000f50      0x2bb CMakeFiles/Receiver.elf.dir/Core/Src/nrf24l01.c.obj
                                0x535 (size before relaxing)
 .debug_str     0x0000120b       0xfa CMakeFiles/Receiver.elf.dir/Core/Src/packet-manager.c.obj
                                0x379 (size before relaxing)
 .debug_str     0x00001305       0xc0 CMakeFiles/Receiver.elf.dir/Core/Src/stm32f1xx_it.c.obj
                                0x2a1 (size before relaxing)
 .debug_str     0x000013c5       0x83 CMakeFiles/Receiver.elf.dir/Core/Src/system_stm32f1xx.c.obj
                                0x26d (size before relaxing)
 .debug_str     0x00001448      0x165 CMakeFiles/Receiver.elf.dir/Core/Src/turn-indicators.c.obj
                                0x3ec (size before relaxing)
 .debug_str     0x000015ad      0x3fb CMakeFiles/Receiver.elf.dir/Core/Src/usart.c.obj
                                0x5d8 (size before relaxing)
 .debug_str     0x000019a8      0x108 CMakeFiles/Receiver.elf.dir/Core/Src/user-main.c.obj
                                0x820 (size before relaxing)
 .debug_str     0x00001ab0       0x61 CMakeFiles/Receiver.elf.dir/Core/Src/vesc.c.obj
                                0x2df (size before relaxing)
 .debug_str     0x00001b11      0x19e CMakeFiles/Receiver.elf.dir/Core/Src/ws2812.c.obj
                                0x4c8 (size before relaxing)
 .debug_str     0x00001caf       0x4b CMakeFiles/Receiver.elf.dir/Core/Startup/startup_stm32f103c8tx.s.obj
                                 0x75 (size before relaxing)
 .debug_str     0x00001cfa      0x165 CMakeFiles/Receiver.elf.dir/Drivers/STM32F1xx_HAL_Driver/Src/stm32f1xx_ll_exti.c.obj
                                0x39a (size before relaxing)
 .debug_str     0x00001e5f       0xe0 CMakeFiles/Receiver.elf.dir/Drivers/STM32F1xx_HAL_Driver/Src/stm32f1xx_ll_gpio.c.obj
                                0x38d (size before relaxing)
 .debug_str     0x00001f3f      0x2d0 CMakeFiles/Receiver.elf.dir/Drivers/STM32F1xx_HAL_Driver/Src/stm32f1xx_ll_rcc.c.obj
                                0x567 (size before relaxing)
 .debug_str     0x0000220f       0xc7 CMakeFiles/Receiver.elf.dir/Drivers/STM32F1xx_HAL_Driver/Src/stm32f1xx_ll_spi.c.obj
                                0x3b6 (size before relaxing)
 .debug_str     0x000022d6      0x446 CMakeFiles/Receiver.elf.dir/Drivers/STM32F1xx_HAL_Driver/Src/stm32f1xx_ll_tim.c.obj
                                0x884 (size before relaxing)
 .debug_str     0x0000271c      0x180 CMakeFiles/Receiver.elf.dir/Drivers/STM32F1xx_HAL_Driver/Src/stm32f1xx_ll_usart.c.obj
                                0x510 (size before relaxing)
 .debug_str     0x0000289c      0x237 CMakeFiles/Receiver.elf.dir/Drivers/STM32F1xx_HAL_Driver/Src/stm32f1xx_ll_utils.c.obj
                                0x631 (size before relaxing)

.comment        0x00000000       0x4d
 .comment       0x00000000       0x4d CMakeFiles/Receiver.elf.dir/Core/Src/main.c.obj
                                 0x4e (size before relaxing)
 .comment       0x0000004d       0x4e CMakeFiles/Receiver.elf.dir/Core/Src/nrf24l01.c.obj
 .comment       0x0000004d       0x4e CMakeFiles/Receiver.elf.dir/Core/Src/packet-manager.c.obj
 .comment       0x0000004d       0x4e CMakeFiles/Receiver.elf.dir/Core/Src/stm32f1xx_it.c.obj
 .comment       0x0000004d       0x4e CMakeFiles/Receiver.elf.dir/Core/Src/system_stm32f1xx.c.obj
 .comment       0x0000004d       0x4e CMakeFiles/Receiver.elf.dir/Core/Src/turn-indicators.c.obj
 .comment       0x0000004d       0x4e CMakeFiles/Receiver.elf.dir/Core/Src/usart.c.obj
 .comment       0x0000004d       0x4e CMakeFiles/Receiver.elf.dir/Core/Src/user-main.c.obj
 .comment       0x0000004d       0x4e CMakeFiles/Receiver.elf.dir/Core/Src/vesc.c.obj
 .comment       0x0000004d       0x4e CMakeFiles/Receiver.elf.dir/Core/Src/ws2812.c.obj
 .comment       0x0000004d       0x4e CMakeFiles/Receiver.elf.dir/Drivers/STM32F1xx_HAL_Driver/Src/stm32f1xx_ll_exti.c.obj
 .comment       0x0000004d       0x4e CMakeFiles/Receiver.elf.dir/Drivers/STM32F1xx_HAL_Driver/Src/stm32f1xx_ll_gpio.c.obj
 .comment       0x0000004d       0x4e CMakeFiles/Receiver.elf.dir/Drivers/STM32F1xx_HAL_Driver/Src/stm32f1xx_ll_rcc.c.obj
 .comment       0x0000004d       0x4e CMakeFiles/Receiver.elf.dir/Drivers/STM32F1xx_HAL_Driver/Src/stm32f1xx_ll_spi.c.obj
 .comment       0x0000004d       0x4e CMakeFiles/Receiver.elf.dir/Drivers/STM32F1xx_HAL_Driver/Src/stm32f1xx_ll_tim.c.obj
 .comment       0x0000004d       0x4e CMakeFiles/Receiver.elf.dir/Drivers/STM32F1xx_HAL_Driver/Src/stm32f1xx_ll_usart.c.obj
 .comment       0x0000004d       0x4e CMakeFiles/Receiver.elf.dir/Drivers/STM32F1xx_HAL_Driver/Src/stm32f1xx_ll_utils.c.obj

.debug_frame    0x00000000      0xe78
 .debug_frame   0x00000000      0x16c CMakeFiles/Receiver.elf.dir/Core/Src/main.c.obj
 .debug_frame   0x0000016c      0x1d4 CMakeFiles/Receiver.elf.dir/Core/Src/nrf24l01.c.obj
 .debug_frame   0x00000340       0xb0 CMakeFiles/Receiver.elf.dir/Core/Src/packet-manager.c.obj
 .debug_frame   0x000003f0       0xa0 CMakeFiles/Receiver.elf.dir/Core/Src/stm32f1xx_it.c.obj
 .debug_frame   0x00000490       0x30 CMakeFiles/Receiver.elf.dir/Core/Src/system_stm32f1xx.c.obj
 .debug_frame   0x000004c0       0xe8 CMakeFiles/Receiver.elf.dir/Core/Src/turn-indicators.c.obj
 .debug_frame   0x000005a8       0xc0 CMakeFiles/Receiver.elf.dir/Core/Src/usart.c.obj
 .debug_frame   0x00000668       0x68 CMakeFiles/Receiver.elf.dir/Core/Src/user-main.c.obj
 .debug_frame   0x000006d0       0x38 CMakeFiles/Receiver.elf.dir/Core/Src/vesc.c.obj
 .debug_frame   0x00000708       0x68 CMakeFiles/Receiver.elf.dir/Core/Src/ws2812.c.obj
 .debug_frame   0x00000770       0x50 CMakeFiles/Receiver.elf.dir/Drivers/STM32F1xx_HAL_Driver/Src/stm32f1xx_ll_exti.c.obj
 .debug_frame   0x000007c0       0x4c CMakeFiles/Receiver.elf.dir/Drivers/STM32F1xx_HAL_Driver/Src/stm32f1xx_ll_gpio.c.obj
 .debug_frame   0x0000080c       0xc4 CMakeFiles/Receiver.elf.dir/Drivers/STM32F1xx_HAL_Driver/Src/stm32f1xx_ll_rcc.c.obj
 .debug_frame   0x000008d0       0x50 CMakeFiles/Receiver.elf.dir/Drivers/STM32F1xx_HAL_Driver/Src/stm32f1xx_ll_spi.c.obj
 .debug_frame   0x00000920      0x1f8 CMakeFiles/Receiver.elf.dir/Drivers/STM32F1xx_HAL_Driver/Src/stm32f1xx_ll_tim.c.obj
 .debug_frame   0x00000b18       0x80 CMakeFiles/Receiver.elf.dir/Drivers/STM32F1xx_HAL_Driver/Src/stm32f1xx_ll_usart.c.obj
 .debug_frame   0x00000b98       0xd4 CMakeFiles/Receiver.elf.dir/Drivers/STM32F1xx_HAL_Driver/Src/stm32f1xx_ll_utils.c.obj
 .debug_frame   0x00000c6c       0x2c c:/progra~2/gnuarm~1/102020~1/bin/../lib/gcc/arm-none-eabi/10.2.1/../../../../arm-none-eabi/lib/thumb/v7-m/nofp\libc.a(lib_a-init.o)
 .debug_frame   0x00000c98       0x2c c:/progra~2/gnuarm~1/102020~1/bin/../lib/gcc/arm-none-eabi/10.2.1/../../../../arm-none-eabi/lib/thumb/v7-m/nofp\libc.a(lib_a-memset.o)
 .debug_frame   0x00000cc4       0x20 c:/progra~2/gnuarm~1/102020~1/bin/../lib/gcc/arm-none-eabi/10.2.1/../../../../arm-none-eabi/lib/thumb/v7-m/nofp\libc.a(lib_a-strlen-stub.o)
 .debug_frame   0x00000ce4       0x5c c:/progra~2/gnuarm~1/102020~1/bin/../lib/gcc/arm-none-eabi/10.2.1/../../../../arm-none-eabi/lib/thumb/v7-m/nofp\libc.a(lib_a-__call_atexit.o)
 .debug_frame   0x00000d40       0x20 c:/progra~2/gnuarm~1/102020~1/bin/../lib/gcc/arm-none-eabi/10.2.1/../../../../arm-none-eabi/lib/thumb/v7-m/nofp\libc.a(lib_a-atexit.o)
 .debug_frame   0x00000d60       0x34 c:/progra~2/gnuarm~1/102020~1/bin/../lib/gcc/arm-none-eabi/10.2.1/../../../../arm-none-eabi/lib/thumb/v7-m/nofp\libc.a(lib_a-fini.o)
 .debug_frame   0x00000d94       0xb0 c:/progra~2/gnuarm~1/102020~1/bin/../lib/gcc/arm-none-eabi/10.2.1/../../../../arm-none-eabi/lib/thumb/v7-m/nofp\libc.a(lib_a-lock.o)
 .debug_frame   0x00000e44       0x34 c:/progra~2/gnuarm~1/102020~1/bin/../lib/gcc/arm-none-eabi/10.2.1/../../../../arm-none-eabi/lib/thumb/v7-m/nofp\libc.a(lib_a-__atexit.o)
